Archive member included to satisfy reference by file (symbol)

C:/ST/STM32CubeIDE_2.0.0/STM32CubeIDE/plugins/com.st.stm32cube.ide.mcu.externaltools.gnu-tools-for-stm32.13.3.rel1.win32_1.0.100.202509120712/tools/bin/../lib/gcc/arm-none-eabi/13.3.1/../../../../arm-none-eabi/lib/thumb/v7e-m+fp/hard\libc_nano.a(libc_a-exit.o)
                              C:/ST/STM32CubeIDE_2.0.0/STM32CubeIDE/plugins/com.st.stm32cube.ide.mcu.externaltools.gnu-tools-for-stm32.13.3.rel1.win32_1.0.100.202509120712/tools/bin/../lib/gcc/arm-none-eabi/13.3.1/../../../../arm-none-eabi/lib/thumb/v7e-m+fp/hard/crt0.o (exit)
C:/ST/STM32CubeIDE_2.0.0/STM32CubeIDE/plugins/com.st.stm32cube.ide.mcu.externaltools.gnu-tools-for-stm32.13.3.rel1.win32_1.0.100.202509120712/tools/bin/../lib/gcc/arm-none-eabi/13.3.1/../../../../arm-none-eabi/lib/thumb/v7e-m+fp/hard\libc_nano.a(libc_a-findfp.o)
                              C:/ST/STM32CubeIDE_2.0.0/STM32CubeIDE/plugins/com.st.stm32cube.ide.mcu.externaltools.gnu-tools-for-stm32.13.3.rel1.win32_1.0.100.202509120712/tools/bin/../lib/gcc/arm-none-eabi/13.3.1/../../../../arm-none-eabi/lib/thumb/v7e-m+fp/hard\libc_nano.a(libc_a-exit.o) (__stdio_exit_handler)
C:/ST/STM32CubeIDE_2.0.0/STM32CubeIDE/plugins/com.st.stm32cube.ide.mcu.externaltools.gnu-tools-for-stm32.13.3.rel1.win32_1.0.100.202509120712/tools/bin/../lib/gcc/arm-none-eabi/13.3.1/../../../../arm-none-eabi/lib/thumb/v7e-m+fp/hard\libc_nano.a(libc_a-fwalk.o)
                              C:/ST/STM32CubeIDE_2.0.0/STM32CubeIDE/plugins/com.st.stm32cube.ide.mcu.externaltools.gnu-tools-for-stm32.13.3.rel1.win32_1.0.100.202509120712/tools/bin/../lib/gcc/arm-none-eabi/13.3.1/../../../../arm-none-eabi/lib/thumb/v7e-m+fp/hard\libc_nano.a(libc_a-findfp.o) (_fwalk_sglue)
C:/ST/STM32CubeIDE_2.0.0/STM32CubeIDE/plugins/com.st.stm32cube.ide.mcu.externaltools.gnu-tools-for-stm32.13.3.rel1.win32_1.0.100.202509120712/tools/bin/../lib/gcc/arm-none-eabi/13.3.1/../../../../arm-none-eabi/lib/thumb/v7e-m+fp/hard\libc_nano.a(libc_a-stdio.o)
                              C:/ST/STM32CubeIDE_2.0.0/STM32CubeIDE/plugins/com.st.stm32cube.ide.mcu.externaltools.gnu-tools-for-stm32.13.3.rel1.win32_1.0.100.202509120712/tools/bin/../lib/gcc/arm-none-eabi/13.3.1/../../../../arm-none-eabi/lib/thumb/v7e-m+fp/hard\libc_nano.a(libc_a-findfp.o) (__sread)
C:/ST/STM32CubeIDE_2.0.0/STM32CubeIDE/plugins/com.st.stm32cube.ide.mcu.externaltools.gnu-tools-for-stm32.13.3.rel1.win32_1.0.100.202509120712/tools/bin/../lib/gcc/arm-none-eabi/13.3.1/../../../../arm-none-eabi/lib/thumb/v7e-m+fp/hard\libc_nano.a(libc_a-memset.o)
                              C:/ST/STM32CubeIDE_2.0.0/STM32CubeIDE/plugins/com.st.stm32cube.ide.mcu.externaltools.gnu-tools-for-stm32.13.3.rel1.win32_1.0.100.202509120712/tools/bin/../lib/gcc/arm-none-eabi/13.3.1/../../../../arm-none-eabi/lib/thumb/v7e-m+fp/hard/crt0.o (memset)
C:/ST/STM32CubeIDE_2.0.0/STM32CubeIDE/plugins/com.st.stm32cube.ide.mcu.externaltools.gnu-tools-for-stm32.13.3.rel1.win32_1.0.100.202509120712/tools/bin/../lib/gcc/arm-none-eabi/13.3.1/../../../../arm-none-eabi/lib/thumb/v7e-m+fp/hard\libc_nano.a(libc_a-closer.o)
                              C:/ST/STM32CubeIDE_2.0.0/STM32CubeIDE/plugins/com.st.stm32cube.ide.mcu.externaltools.gnu-tools-for-stm32.13.3.rel1.win32_1.0.100.202509120712/tools/bin/../lib/gcc/arm-none-eabi/13.3.1/../../../../arm-none-eabi/lib/thumb/v7e-m+fp/hard\libc_nano.a(libc_a-stdio.o) (_close_r)
C:/ST/STM32CubeIDE_2.0.0/STM32CubeIDE/plugins/com.st.stm32cube.ide.mcu.externaltools.gnu-tools-for-stm32.13.3.rel1.win32_1.0.100.202509120712/tools/bin/../lib/gcc/arm-none-eabi/13.3.1/../../../../arm-none-eabi/lib/thumb/v7e-m+fp/hard\libc_nano.a(libc_a-reent.o)
                              C:/ST/STM32CubeIDE_2.0.0/STM32CubeIDE/plugins/com.st.stm32cube.ide.mcu.externaltools.gnu-tools-for-stm32.13.3.rel1.win32_1.0.100.202509120712/tools/bin/../lib/gcc/arm-none-eabi/13.3.1/../../../../arm-none-eabi/lib/thumb/v7e-m+fp/hard\libc_nano.a(libc_a-closer.o) (errno)
C:/ST/STM32CubeIDE_2.0.0/STM32CubeIDE/plugins/com.st.stm32cube.ide.mcu.externaltools.gnu-tools-for-stm32.13.3.rel1.win32_1.0.100.202509120712/tools/bin/../lib/gcc/arm-none-eabi/13.3.1/../../../../arm-none-eabi/lib/thumb/v7e-m+fp/hard\libc_nano.a(libc_a-impure.o)
                              C:/ST/STM32CubeIDE_2.0.0/STM32CubeIDE/plugins/com.st.stm32cube.ide.mcu.externaltools.gnu-tools-for-stm32.13.3.rel1.win32_1.0.100.202509120712/tools/bin/../lib/gcc/arm-none-eabi/13.3.1/../../../../arm-none-eabi/lib/thumb/v7e-m+fp/hard\libc_nano.a(libc_a-reent.o) (_impure_ptr)
C:/ST/STM32CubeIDE_2.0.0/STM32CubeIDE/plugins/com.st.stm32cube.ide.mcu.externaltools.gnu-tools-for-stm32.13.3.rel1.win32_1.0.100.202509120712/tools/bin/../lib/gcc/arm-none-eabi/13.3.1/../../../../arm-none-eabi/lib/thumb/v7e-m+fp/hard\libc_nano.a(libc_a-lseekr.o)
[...]
Memory Configuration

Name             Origin             Length             Attributes
RAM              0x20000000         0x0001c000         xrw
FLASH            0x08000000         0x00080000         xr
*default*        0x00000000         0xffffffff

Linker script and memory map

LOAD C:/ST/STM32CubeIDE_2.0.0/STM32CubeIDE/plugins/com.st.stm32cube.ide.mcu.externaltools.gnu-tools-for-stm32.13.3.rel1.win32_1.0.100.202509120712/tools/bin/../lib/gcc/arm-none-eabi/13.3.1/thumb/v7e-m+fp/hard/crti.o
LOAD C:/ST/STM32CubeIDE_2.0.0/STM32CubeIDE/plugins/com.st.stm32cube.ide.mcu.externaltools.gnu-tools-for-stm32.13.3.rel1.win32_1.0.100.202509120712/tools/bin/../lib/gcc/arm-none-eabi/13.3.1/thumb/v7e-m+fp/hard/crtbegin.o
LOAD C:/ST/STM32CubeIDE_2.0.0/STM32CubeIDE/plugins/com.st.stm32cube.ide.mcu.externaltools.gnu-tools-for-stm32.13.3.rel1.win32_1.0.100.202509120712/tools/bin/../lib/gcc/arm-none-eabi/13.3.1/../../../../arm-none-eabi/lib/thumb/v7e-m+fp/hard/crt0.o
LOAD ./Core/Src/adc.o
LOAD ./Core/Src/gpio.o
LOAD ./Core/Src/i2c.o
LOAD ./Core/Src/main.o
LOAD ./Core/Src/quadspi.o
LOAD ./Core/Src/spi.o
LOAD ./Core/Src/stm32g4xx_hal_msp.o
LOAD ./Core/Src/stm32g4xx_it.o
LOAD ./Core/Src/syscalls.o
LOAD ./Core/Src/sysmem.o
LOAD ./Core/Src/system_stm32g4xx.o
LOAD ./Core/Src/tim.o
LOAD ./Core/Src/usart.o
LOAD ./Core/Src/usb.o
LOAD ./Core/Startup/startup_stm32g491mesx.o
LOAD ./Drivers/STM32G4xx_HAL_Driver/Src/stm32g4xx_hal.o
LOAD ./Drivers/STM32G4xx_HAL_Driver/Src/stm32g4xx_hal_adc.o
LOAD ./Drivers/STM32G4xx_HAL_Driver/Src/stm32g4xx_hal_adc_ex.o
LOAD ./Drivers/STM32G4xx_HAL_Driver/Src/stm32g4xx_hal_cortex.o
LOAD ./Drivers/STM32G4xx_HAL_Driver/Src/stm32g4xx_hal_dma.o
LOAD ./Drivers/STM32G4xx_HAL_Driver/Src/stm32g4xx_hal_dma_ex.o
LOAD ./Drivers/STM32G4xx_HAL_Driver/Src/stm32g4xx_hal_exti.o
LOAD ./Drivers/STM32G4xx_HAL_Driver/Src/stm32g4xx_hal_flash.o
LOAD ./Drivers/STM32G4xx_HAL_Driver/Src/stm32g4xx_hal_flash_ex.o
LOAD ./Drivers/STM32G4xx_HAL_Driver/Src/stm32g4xx_hal_flash_ramfunc.o
LOAD ./Drivers/STM32G4xx_HAL_Driver/Src/stm32g4xx_hal_gpio.o
LOAD ./Drivers/STM32G4xx_HAL_Driver/Src/stm32g4xx_hal_i2c.o
LOAD ./Drivers/STM32G4xx_HAL_Driver/Src/stm32g4xx_hal_i2c_ex.o
LOAD ./Drivers/STM32G4xx_HAL_Driver/Src/stm32g4xx_hal_pcd.o
LOAD ./Drivers/STM32G4xx_HAL_Driver/Src/stm32g4xx_hal_pcd_ex.o
LOAD ./Drivers/STM32G4xx_HAL_Driver/Src/stm32g4xx_hal_pwr.o
LOAD ./Drivers/STM32G4xx_HAL_Driver/Src/stm32g4xx_hal_pwr_ex.o
LOAD ./Drivers/STM32G4xx_HAL_Driver/Src/stm32g4xx_hal_qspi.o
LOAD ./Drivers/STM32G4xx_HAL_Driver/Src/stm32g4xx_hal_rcc.o
LOAD ./Drivers/STM32G4xx_HAL_Driver/Src/stm32g4xx_hal_rcc_ex.o
LOAD ./Drivers/STM32G4xx_HAL_Driver/Src/stm32g4xx_hal_spi.o
LOAD ./Drivers/STM32G4xx_HAL_Driver/Src/stm32g4xx_hal_spi_ex.o
LOAD ./Drivers/STM32G4xx_HAL_Driver/Src/stm32g4xx_hal_tim.o
LOAD ./Drivers/STM32G4xx_HAL_Driver/Src/stm32g4xx_hal_tim_ex.o
LOAD ./Drivers/STM32G4xx_HAL_Driver/Src/stm32g4xx_hal_uart.o
LOAD ./Drivers/STM32G4xx_HAL_Driver/Src/stm32g4xx_hal_uart_ex.o
LOAD ./Drivers/STM32G4xx_HAL_Driver/Src/stm32g4xx_ll_adc.o
LOAD ./Drivers/STM32G4xx_HAL_Driver/Src/stm32g4xx_ll_usb.o
START GROUP
LOAD C:/ST/STM32CubeIDE_2.0.0/STM32CubeIDE/plugins/com.st.stm32cube.ide.mcu.externaltools.gnu-tools-for-stm32.13.3.rel1.win32_1.0.100.202509120712/tools/bin/../lib/gcc/arm-none-eabi/13.3.1/../../../../arm-none-eabi/lib/thumb/v7e-m+fp/hard\libc_nano.a
LOAD C:/ST/STM32CubeIDE_2.0.0/STM32CubeIDE/plugins/com.st.stm32cube.ide.mcu.externaltools.gnu-tools-for-stm32.13.3.rel1.win32_1.0.100.202509120712/tools/bin/../lib/gcc/arm-none-eabi/13.3.1/../../../../arm-none-eabi/lib/thumb/v7e-m+fp/hard\libm.a
END GROUP
START GROUP
LOAD C:/ST/STM32CubeIDE_2.0.0/STM32CubeIDE/plugins/com.st.stm32cube.ide.mcu.externaltools.gnu-tools-for-stm32.13.3.rel1.win32_1.0.100.202509120712/tools/bin/../lib/gcc/arm-none-eabi/13.3.1/thumb/v7e-m+fp/hard\libgcc.a
LOAD C:/ST/STM32CubeIDE_2.0.0/STM32CubeIDE/plugins/com.st.stm32cube.ide.mcu.externaltools.gnu-tools-for-stm32.13.3.rel1.win32_1.0.100.202509120712/tools/bin/../lib/gcc/arm-none-eabi/13.3.1/../../../../arm-none-eabi/lib/thumb/v7e-m+fp/hard\libc_nano.a
END GROUP
START GROUP
LOAD C:/ST/STM32CubeIDE_2.0.0/STM32CubeIDE/plugins/com.st.stm32cube.ide.mcu.externaltools.gnu-tools-for-stm32.13.3.rel1.win32_1.0.100.202509120712/tools/bin/../lib/gcc/arm-none-eabi/13.3.1/thumb/v7e-m+fp/hard\libgcc.a
LOAD C:/ST/STM32CubeIDE_2.0.0/STM32CubeIDE/plugins/com.st.stm32cube.ide.mcu.externaltools.gnu-tools-for-stm32.13.3.rel1.win32_1.0.100.202509120712/tools/bin/../lib/gcc/arm-none-eabi/13.3.1/../../../../arm-none-eabi/lib/thumb/v7e-m+fp/hard\libc_nano.a
LOAD C:/ST/STM32CubeIDE_2.0.0/STM32CubeIDE/plugins/com.st.stm32cube.ide.mcu.externaltools.gnu-tools-for-stm32.13.3.rel1.win32_1.0.100.202509120712/tools/bin/../lib/gcc/arm-none-eabi/13.3.1/../../../../arm-none-eabi/lib/thumb/v7e-m+fp/hard\libnosys.a
END GROUP
START GROUP
LOAD C:/ST/STM32CubeIDE_2.0.0/STM32CubeIDE/plugins/com.st.stm32cube.ide.mcu.externaltools.gnu-tools-for-stm32.13.3.rel1.win32_1.0.100.202509120712/tools/bin/../lib/gcc/arm-none-eabi/13.3.1/thumb/v7e-m+fp/hard\libgcc.a
LOAD C:/ST/STM32CubeIDE_2.0.0/STM32CubeIDE/plugins/com.st.stm32cube.ide.mcu.externaltools.gnu-tools-for-stm32.13.3.rel1.win32_1.0.100.202509120712/tools/bin/../lib/gcc/arm-none-eabi/13.3.1/../../../../arm-none-eabi/lib/thumb/v7e-m+fp/hard\libc_nano.a
LOAD C:/ST/STM32CubeIDE_2.0.0/STM32CubeIDE/plugins/com.st.stm32cube.ide.mcu.externaltools.gnu-tools-for-stm32.13.3.rel1.win32_1.0.100.202509120712/tools/bin/../lib/gcc/arm-none-eabi/13.3.1/../../../../arm-none-eabi/lib/thumb/v7e-m+fp/hard\libnosys.a
END GROUP
LOAD C:/ST/STM32CubeIDE_2.0.0/STM32CubeIDE/plugins/com.st.stm32cube.ide.mcu.externaltools.gnu-tools-for-stm32.13.3.rel1.win32_1.0.100.202509120712/tools/bin/../lib/gcc/arm-none-eabi/13.3.1/thumb/v7e-m+fp/hard/crtend.o
LOAD C:/ST/STM32CubeIDE_2.0.0/STM32CubeIDE/plugins/com.st.stm32cube.ide.mcu.externaltools.gnu-tools-for-stm32.13.3.rel1.win32_1.0.100.202509120712/tools/bin/../lib/gcc/arm-none-eabi/13.3.1/thumb/v7e-m+fp/hard/crtn.o
                0x2001c000                        _estack = (ORIGIN (RAM) + LENGTH (RAM))
                0x00000200                        _Min_Heap_Size = 0x200
                0x00000400                        _Min_Stack_Size = 0x400

.isr_vector     0x08000000      0x1d8
                0x08000000                        . = ALIGN (0x4)
 *(.isr_vector)
 .isr_vector    0x08000000      0x1d8 ./Core/Startup/startup_stm32g491mesx.o
                0x08000000                g_pfnVectors
                0x080001d8                        . = ALIGN (0x4)

.text           0x080001d8     0x5b90
                0x080001d8                        . = ALIGN (0x4)
 *(.text)
 .text          0x080001d8       0x40 C:/ST/STM32CubeIDE_2.0.0/STM32CubeIDE/plugins/com.st.stm32cube.ide.mcu.externaltools.gnu-tools-for-stm32.13.3.rel1.win32_1.0.100.202509120712/tools/bin/../lib/gcc/arm-none-eabi/13.3.1/thumb/v7e-m+fp/hard/crtbegin.o
 .text          0x08000218       0x30 C:/ST/STM32CubeIDE_2.0.0/STM32CubeIDE/plugins/com.st.stm32cube.ide.mcu.externaltools.gnu-tools-for-stm32.13.3.rel1.win32_1.0.100.202509120712/tools/bin/../lib/gcc/arm-none-eabi/13.3.1/thumb/v7e-m+fp/hard\libgcc.a(_aeabi_uldivmod.o)
                0x08000218                __aeabi_uldivmod
 .text          0x08000248      0x2f8 C:/ST/STM32CubeIDE_2.0.0/STM32CubeIDE/plugins/com.st.stm32cube.ide.mcu.externaltools.gnu-tools-for-stm32.13.3.rel1.win32_1.0.100.202509120712/tools/bin/../lib/gcc/arm-none-eabi/13.3.1/thumb/v7e-m+fp/hard\libgcc.a(_udivmoddi4.o)
                0x08000248                __udivmoddi4
 .text          0x08000540        0x4 C:/ST/STM32CubeIDE_2.0.0/STM32CubeIDE/plugins/com.st.stm32cube.ide.mcu.externaltools.gnu-tools-for-stm32.13.3.rel1.win32_1.0.100.202509120712/tools/bin/../lib/gcc/arm-none-eabi/13.3.1/thumb/v7e-m+fp/hard\libgcc.a(_dvmd_tls.o)
                0x08000540                __aeabi_idiv0
                0x08000540                __aeabi_ldiv0
 *(.text*)
 .text.MX_ADC1_Init
                0x08000544       0xf4 ./Core/Src/adc.o
                0x08000544                MX_ADC1_Init
 .text.HAL_ADC_MspInit
                0x08000638       0xa8 ./Core/Src/adc.o
                0x08000638                HAL_ADC_MspInit
 .text.MX_GPIO_Init
                0x080006e0      0x1cc ./Core/Src/gpio.o
                0x080006e0                MX_GPIO_Init
 .text.MX_I2C3_Init
                0x080008ac       0x80 ./Core/Src/i2c.o
                0x080008ac                MX_I2C3_Init
 .text.HAL_I2C_MspInit
                0x0800092c       0xb4 ./Core/Src/i2c.o
                0x0800092c                HAL_I2C_MspInit
 .text.main     0x080009e0       0x84 ./Core/Src/main.o
                0x080009e0                main
 .text.SystemClock_Config
                0x08000a64       0x80 ./Core/Src/main.o
                0x08000a64                SystemClock_Config
 .text.Error_Handler
                0x08000ae4        0xc ./Core/Src/main.o
                0x08000ae4                Error_Handler
 .text.MX_QUADSPI1_Init
                0x08000af0       0x58 ./Core/Src/quadspi.o
                0x08000af0                MX_QUADSPI1_Init
 .text.HAL_QSPI_MspInit
                0x08000b48       0xf0 ./Core/Src/quadspi.o
                0x08000b48                HAL_QSPI_MspInit
 .text.MX_SPI1_Init
                0x08000c38       0x7c ./Core/Src/spi.o
                0x08000c38                MX_SPI1_Init
 .text.HAL_SPI_MspInit
                0x08000cb4       0x84 ./Core/Src/spi.o
                0x08000cb4                HAL_SPI_MspInit
 .text.HAL_MspInit
                0x08000d38       0x48 ./Core/Src/stm32g4xx_hal_msp.o
                0x08000d38                HAL_MspInit
 .text.NMI_Handler
                0x08000d80        0x8 ./Core/Src/stm32g4xx_it.o
                0x08000d80                NMI_Handler
 .text.HardFault_Handler
                0x08000d88        0x8 ./Core/Src/stm32g4xx_it.o
                0x08000d88                HardFault_Handler
 .text.MemManage_Handler
                0x08000d90        0x8 ./Core/Src/stm32g4xx_it.o
                0x08000d90                MemManage_Handler
 .text.BusFault_Handler
                0x08000d98        0x8 ./Core/Src/stm32g4xx_it.o
                0x08000d98                BusFault_Handler
 .text.UsageFault_Handler
                0x08000da0        0x8 ./Core/Src/stm32g4xx_it.o
                0x08000da0                UsageFault_Handler
 .text.SVC_Handler
                0x08000da8        0xe ./Core/Src/stm32g4xx_it.o
                0x08000da8                SVC_Handler
 .text.DebugMon_Handler
                0x08000db6        0xe ./Core/Src/stm32g4xx_it.o
                0x08000db6                DebugMon_Handler
 .text.PendSV_Handler
                0x08000dc4        0xe ./Core/Src/stm32g4xx_it.o
                0x08000dc4                PendSV_Handler
 .text.SysTick_Handler
                0x08000dd2        0xc ./Core/Src/stm32g4xx_it.o
                0x08000dd2                SysTick_Handler
 *fill*         0x08000dde        0x2 
 .text.SystemInit
                0x08000de0       0x24 ./Core/Src/system_stm32g4xx.o
                0x08000de0                SystemInit
 .text.MX_TIM1_Init
                0x08000e04      0x128 ./Core/Src/tim.o
                0x08000e04                MX_TIM1_Init
 .text.HAL_TIM_PWM_MspInit
                0x08000f2c       0x40 ./Core/Src/tim.o
                0x08000f2c                HAL_TIM_PWM_MspInit
 .text.HAL_TIM_MspPostInit
                0x08000f6c       0x70 ./Core/Src/tim.o
                0x08000f6c                HAL_TIM_MspPostInit
 .text.MX_USART2_UART_Init
                0x08000fdc       0x98 ./Core/Src/usart.o
                0x08000fdc                MX_USART2_UART_Init
 .text.MX_USART3_UART_Init
                0x08001074       0xa0 ./Core/Src/usart.o
                0x08001074                MX_USART3_UART_Init
 .text.HAL_UART_MspInit
                0x08001114      0x130 ./Core/Src/usart.o
                0x08001114                HAL_UART_MspInit
 .text.MX_USB_PCD_Init
                0x08001244       0x50 ./Core/Src/usb.o
                0x08001244                MX_USB_PCD_Init
 .text.HAL_PCD_MspInit
                0x08001294       0x68 ./Core/Src/usb.o
                0x08001294                HAL_PCD_MspInit
 .text.Reset_Handler
                0x080012fc       0x50 ./Core/Startup/startup_stm32g491mesx.o
                0x080012fc                Reset_Handler
 .text.Default_Handler
                0x0800134c        0x2 ./Core/Startup/startup_stm32g491mesx.o
                0x0800134c                RTC_Alarm_IRQHandler
                0x0800134c                EXTI2_IRQHandler
                0x0800134c                TIM8_TRG_COM_IRQHandler
                0x0800134c                TIM8_CC_IRQHandler
                0x0800134c                TIM1_CC_IRQHandler
                0x0800134c                USB_HP_IRQHandler
                0x0800134c                CORDIC_IRQHandler
                0x0800134c                DMA2_Channel8_IRQHandler
                0x0800134c                EXTI3_IRQHandler
                0x0800134c                I2C3_ER_IRQHandler
                0x0800134c                EXTI0_IRQHandler
                0x0800134c                I2C2_EV_IRQHandler
                0x0800134c                FPU_IRQHandler
                0x0800134c                FDCAN1_IT1_IRQHandler
                0x0800134c                TIM1_UP_TIM16_IRQHandler
                0x0800134c                ADC1_2_IRQHandler
                0x0800134c                SPI1_IRQHandler
                0x0800134c                TIM6_DAC_IRQHandler
                0x0800134c                TIM8_UP_IRQHandler
                0x0800134c                DMA2_Channel2_IRQHandler
                0x0800134c                DMA1_Channel4_IRQHandler
                0x0800134c                TIM20_TRG_COM_IRQHandler
                0x0800134c                USART3_IRQHandler
                0x0800134c                DMA1_Channel7_IRQHandler
                0x0800134c                UART5_IRQHandler
                0x0800134c                ADC3_IRQHandler
                0x0800134c                TIM4_IRQHandler
                0x0800134c                DMA2_Channel1_IRQHandler
                0x0800134c                QUADSPI_IRQHandler
                0x0800134c                I2C1_EV_IRQHandler
                0x0800134c                DMA1_Channel6_IRQHandler
                0x0800134c                UART4_IRQHandler
                0x0800134c                DMA2_Channel4_IRQHandler
                0x0800134c                TIM3_IRQHandler
                0x0800134c                RCC_IRQHandler
                0x0800134c                TIM20_UP_IRQHandler
                0x0800134c                DMA1_Channel1_IRQHandler
                0x0800134c                Default_Handler
                0x0800134c                DMA2_Channel7_IRQHandler
                0x0800134c                RTC_TAMP_LSECSS_IRQHandler
                0x0800134c                FMAC_IRQHandler
                0x0800134c                EXTI15_10_IRQHandler
                0x0800134c                DMA1_Channel8_IRQHandler
                0x0800134c                TIM7_IRQHandler
                0x0800134c                UCPD1_IRQHandler
                0x0800134c                I2C3_EV_IRQHandler
                0x0800134c                EXTI9_5_IRQHandler
                0x0800134c                RTC_WKUP_IRQHandler
                0x0800134c                PVD_PVM_IRQHandler
                0x0800134c                SPI2_IRQHandler
                0x0800134c                DMA2_Channel5_IRQHandler
                0x0800134c                CRS_IRQHandler
                0x0800134c                DMA1_Channel5_IRQHandler
                0x0800134c                USB_LP_IRQHandler
                0x0800134c                EXTI4_IRQHandler
                0x0800134c                RNG_IRQHandler
                0x0800134c                TIM1_TRG_COM_TIM17_IRQHandler
                0x0800134c                FDCAN2_IT1_IRQHandler
                0x0800134c                DMA1_Channel3_IRQHandler
                0x0800134c                WWDG_IRQHandler
                0x0800134c                FDCAN2_IT0_IRQHandler
                0x0800134c                LPUART1_IRQHandler
                0x0800134c                DMA2_Channel6_IRQHandler
                0x0800134c                FDCAN1_IT0_IRQHandler
                0x0800134c                TIM2_IRQHandler
                0x0800134c                COMP1_2_3_IRQHandler
                0x0800134c                EXTI1_IRQHandler
                0x0800134c                USART2_IRQHandler
                0x0800134c                TIM20_BRK_IRQHandler
                0x0800134c                I2C2_ER_IRQHandler
                0x0800134c                DMA1_Channel2_IRQHandler
                0x0800134c                TIM8_BRK_IRQHandler
                0x0800134c                FLASH_IRQHandler
                0x0800134c                TIM20_CC_IRQHandler
                0x0800134c                USART1_IRQHandler
                0x0800134c                SPI3_IRQHandler
                0x0800134c                I2C1_ER_IRQHandler
                0x0800134c                LPTIM1_IRQHandler
                0x0800134c                DMAMUX_OVR_IRQHandler
                0x0800134c                USBWakeUp_IRQHandler
                0x0800134c                SAI1_IRQHandler
                0x0800134c                DMA2_Channel3_IRQHandler
                0x0800134c                COMP4_IRQHandler
                0x0800134c                TIM1_BRK_TIM15_IRQHandler
 .text.HAL_Init
                0x0800134e       0x30 ./Drivers/STM32G4xx_HAL_Driver/Src/stm32g4xx_hal.o
                0x0800134e                HAL_Init
 *fill*         0x0800137e        0x2 
 .text.HAL_InitTick
                0x08001380       0x74 ./Drivers/STM32G4xx_HAL_Driver/Src/stm32g4xx_hal.o
                0x08001380                HAL_InitTick
 .text.HAL_IncTick
                0x080013f4       0x24 ./Drivers/STM32G4xx_HAL_Driver/Src/stm32g4xx_hal.o
                0x080013f4                HAL_IncTick
 .text.HAL_GetTick
                0x08001418       0x18 ./Drivers/STM32G4xx_HAL_Driver/Src/stm32g4xx_hal.o
                0x08001418                HAL_GetTick
 .text.LL_ADC_SetCommonClock
                0x08001430       0x26 ./Drivers/STM32G4xx_HAL_Driver/Src/stm32g4xx_hal_adc.o
 .text.LL_ADC_SetCommonPathInternalCh
                0x08001456       0x26 ./Drivers/STM32G4xx_HAL_Driver/Src/stm32g4xx_hal_adc.o
 .text.LL_ADC_GetCommonPathInternalCh
                0x0800147c       0x1c ./Drivers/STM32G4xx_HAL_Driver/Src/stm32g4xx_hal_adc.o
 .text.LL_ADC_SetOffset
                0x08001498       0x48 ./Drivers/STM32G4xx_HAL_Driver/Src/stm32g4xx_hal_adc.o
 .text.LL_ADC_GetOffsetChannel
                0x080014e0       0x2c ./Drivers/STM32G4xx_HAL_Driver/Src/stm32g4xx_hal_adc.o
 .text.LL_ADC_SetOffsetState
                0x0800150c       0x36 ./Drivers/STM32G4xx_HAL_Driver/Src/stm32g4xx_hal_adc.o
 .text.LL_ADC_SetOffsetSign
                0x08001542       0x36 ./Drivers/STM32G4xx_HAL_Driver/Src/stm32g4xx_hal_adc.o
 .text.LL_ADC_SetOffsetSaturation
                0x08001578       0x36 ./Drivers/STM32G4xx_HAL_Driver/Src/stm32g4xx_hal_adc.o
 .text.LL_ADC_SetSamplingTimeCommonConfig
                0x080015ae       0x26 ./Drivers/STM32G4xx_HAL_Driver/Src/stm32g4xx_hal_adc.o
 .text.LL_ADC_REG_SetSequencerRanks
                0x080015d4       0x58 ./Drivers/STM32G4xx_HAL_Driver/Src/stm32g4xx_hal_adc.o
 .text.LL_ADC_SetChannelSamplingTime
                0x0800162c       0x56 ./Drivers/STM32G4xx_HAL_Driver/Src/stm32g4xx_hal_adc.o
 *fill*         0x08001682        0x2 
 .text.LL_ADC_SetChannelSingleDiff
                0x08001684       0x48 ./Drivers/STM32G4xx_HAL_Driver/Src/stm32g4xx_hal_adc.o
 .text.LL_ADC_DisableDeepPowerDown
                0x080016cc       0x24 ./Drivers/STM32G4xx_HAL_Driver/Src/stm32g4xx_hal_adc.o
 .text.LL_ADC_IsDeepPowerDownEnabled
                0x080016f0       0x28 ./Drivers/STM32G4xx_HAL_Driver/Src/stm32g4xx_hal_adc.o
 .text.LL_ADC_EnableInternalRegulator
                0x08001718       0x28 ./Drivers/STM32G4xx_HAL_Driver/Src/stm32g4xx_hal_adc.o
 .text.LL_ADC_IsInternalRegulatorEnabled
                0x08001740       0x28 ./Drivers/STM32G4xx_HAL_Driver/Src/stm32g4xx_hal_adc.o
 .text.LL_ADC_IsEnabled
                0x08001768       0x26 ./Drivers/STM32G4xx_HAL_Driver/Src/stm32g4xx_hal_adc.o
 .text.LL_ADC_REG_IsConversionOngoing
                0x0800178e       0x26 ./Drivers/STM32G4xx_HAL_Driver/Src/stm32g4xx_hal_adc.o
 .text.LL_ADC_INJ_IsConversionOngoing
                0x080017b4       0x26 ./Drivers/STM32G4xx_HAL_Driver/Src/stm32g4xx_hal_adc.o
 *fill*         0x080017da        0x2 
 .text.HAL_ADC_Init
                0x080017dc      0x35c ./Drivers/STM32G4xx_HAL_Driver/Src/stm32g4xx_hal_adc.o
                0x080017dc                HAL_ADC_Init
 .text.HAL_ADC_ConfigChannel
                0x08001b38      0x858 ./Drivers/STM32G4xx_HAL_Driver/Src/stm32g4xx_hal_adc.o
                0x08001b38                HAL_ADC_ConfigChannel
 .text.LL_ADC_IsEnabled
                0x08002390       0x26 ./Drivers/STM32G4xx_HAL_Driver/Src/stm32g4xx_hal_adc_ex.o
 .text.LL_ADC_REG_IsConversionOngoing
                0x080023b6       0x26 ./Drivers/STM32G4xx_HAL_Driver/Src/stm32g4xx_hal_adc_ex.o
 .text.HAL_ADCEx_MultiModeConfigChannel
                0x080023dc      0x1d0 ./Drivers/STM32G4xx_HAL_Driver/Src/stm32g4xx_hal_adc_ex.o
                0x080023dc                HAL_ADCEx_MultiModeConfigChannel
 .text.__NVIC_SetPriorityGrouping
                0x080025ac       0x48 ./Drivers/STM32G4xx_HAL_Driver/Src/stm32g4xx_hal_cortex.o
 .text.__NVIC_GetPriorityGrouping
                0x080025f4       0x1c ./Drivers/STM32G4xx_HAL_Driver/Src/stm32g4xx_hal_cortex.o
 .text.__NVIC_SetPriority
                0x08002610       0x54 ./Drivers/STM32G4xx_HAL_Driver/Src/stm32g4xx_hal_cortex.o
 .text.NVIC_EncodePriority
                0x08002664       0x66 ./Drivers/STM32G4xx_HAL_Driver/Src/stm32g4xx_hal_cortex.o
 *fill*         0x080026ca        0x2 
 .text.SysTick_Config
                0x080026cc       0x44 ./Drivers/STM32G4xx_HAL_Driver/Src/stm32g4xx_hal_cortex.o
 .text.HAL_NVIC_SetPriorityGrouping
                0x08002710       0x16 ./Drivers/STM32G4xx_HAL_Driver/Src/stm32g4xx_hal_cortex.o
                0x08002710                HAL_NVIC_SetPriorityGrouping
 .text.HAL_NVIC_SetPriority
                0x08002726       0x34 ./Drivers/STM32G4xx_HAL_Driver/Src/stm32g4xx_hal_cortex.o
                0x08002726                HAL_NVIC_SetPriority
 .text.HAL_SYSTICK_Config
                0x0800275a       0x18 ./Drivers/STM32G4xx_HAL_Driver/Src/stm32g4xx_hal_cortex.o
                0x0800275a                HAL_SYSTICK_Config
 *fill*         0x08002772        0x2 
 .text.HAL_GPIO_Init
                0x08002774      0x304 ./Drivers/STM32G4xx_HAL_Driver/Src/stm32g4xx_hal_gpio.o
                0x08002774                HAL_GPIO_Init
 .text.HAL_GPIO_WritePin
                0x08002a78       0x30 ./Drivers/STM32G4xx_HAL_Driver/Src/stm32g4xx_hal_gpio.o
                0x08002a78                HAL_GPIO_WritePin
 .text.HAL_I2C_Init
                0x08002aa8      0x136 ./Drivers/STM32G4xx_HAL_Driver/Src/stm32g4xx_hal_i2c.o
                0x08002aa8                HAL_I2C_Init
 .text.HAL_I2CEx_ConfigAnalogFilter
                0x08002bde       0x96 ./Drivers/STM32G4xx_HAL_Driver/Src/stm32g4xx_hal_i2c_ex.o
                0x08002bde                HAL_I2CEx_ConfigAnalogFilter
 .text.HAL_I2CEx_ConfigDigitalFilter
                0x08002c74       0x98 ./Drivers/STM32G4xx_HAL_Driver/Src/stm32g4xx_hal_i2c_ex.o
                0x08002c74                HAL_I2CEx_ConfigDigitalFilter
 .text.HAL_PCD_Init
                0x08002d0c      0x19c ./Drivers/STM32G4xx_HAL_Driver/Src/stm32g4xx_hal_pcd.o
                0x08002d0c                HAL_PCD_Init
 .text.HAL_PCDEx_ActivateLPM
                0x08002ea8       0x54 ./Drivers/STM32G4xx_HAL_Driver/Src/stm32g4xx_hal_pcd_ex.o
                0x08002ea8                HAL_PCDEx_ActivateLPM
 .text.HAL_PWREx_ControlVoltageScaling
                0x08002efc      0x148 ./Drivers/STM32G4xx_HAL_Driver/Src/stm32g4xx_hal_pwr_ex.o
                0x08002efc                HAL_PWREx_ControlVoltageScaling
 .text.HAL_PWREx_DisableUCPDDeadBattery
                0x08003044       0x20 ./Drivers/STM32G4xx_HAL_Driver/Src/stm32g4xx_hal_pwr_ex.o
                0x08003044                HAL_PWREx_DisableUCPDDeadBattery
 .text.HAL_QSPI_Init
                0x08003064       0xf8 ./Drivers/STM32G4xx_HAL_Driver/Src/stm32g4xx_hal_qspi.o
                0x08003064                HAL_QSPI_Init
 .text.HAL_QSPI_SetTimeout
                0x0800315c       0x1c ./Drivers/STM32G4xx_HAL_Driver/Src/stm32g4xx_hal_qspi.o
                0x0800315c                HAL_QSPI_SetTimeout
 .text.QSPI_WaitFlagStateUntilTimeout
                0x08003178       0x6e ./Drivers/STM32G4xx_HAL_Driver/Src/stm32g4xx_hal_qspi.o
 *fill*         0x080031e6        0x2 
 .text.HAL_RCC_OscConfig
                0x080031e8      0x624 ./Drivers/STM32G4xx_HAL_Driver/Src/stm32g4xx_hal_rcc.o
                0x080031e8                HAL_RCC_OscConfig
 .text.HAL_RCC_ClockConfig
                0x0800380c      0x278 ./Drivers/STM32G4xx_HAL_Driver/Src/stm32g4xx_hal_rcc.o
                0x0800380c                HAL_RCC_ClockConfig
 .text.HAL_RCC_GetSysClockFreq
                0x08003a84       0xc4 ./Drivers/STM32G4xx_HAL_Driver/Src/stm32g4xx_hal_rcc.o
                0x08003a84                HAL_RCC_GetSysClockFreq
 .text.HAL_RCC_GetHCLKFreq
                0x08003b48       0x18 ./Drivers/STM32G4xx_HAL_Driver/Src/stm32g4xx_hal_rcc.o
                0x08003b48                HAL_RCC_GetHCLKFreq
 .text.HAL_RCC_GetPCLK1Freq
                0x08003b60       0x2c ./Drivers/STM32G4xx_HAL_Driver/Src/stm32g4xx_hal_rcc.o
                0x08003b60                HAL_RCC_GetPCLK1Freq
 .text.HAL_RCC_GetPCLK2Freq
                0x08003b8c       0x2c ./Drivers/STM32G4xx_HAL_Driver/Src/stm32g4xx_hal_rcc.o
                0x08003b8c                HAL_RCC_GetPCLK2Freq
 .text.RCC_GetSysClockFreqFromPLLSource
                0x08003bb8       0x8c ./Drivers/STM32G4xx_HAL_Driver/Src/stm32g4xx_hal_rcc.o
 .text.HAL_RCCEx_PeriphCLKConfig
                0x08003c44      0x478 ./Drivers/STM32G4xx_HAL_Driver/Src/stm32g4xx_hal_rcc_ex.o
                0x08003c44                HAL_RCCEx_PeriphCLKConfig
 .text.HAL_SPI_Init
                0x080040bc      0x156 ./Drivers/STM32G4xx_HAL_Driver/Src/stm32g4xx_hal_spi.o
                0x080040bc                HAL_SPI_Init
 .text.HAL_TIM_PWM_Init
                0x08004212       0xae ./Drivers/STM32G4xx_HAL_Driver/Src/stm32g4xx_hal_tim.o
                0x08004212                HAL_TIM_PWM_Init
 .text.HAL_TIM_PWM_ConfigChannel
                0x080042c0      0x228 ./Drivers/STM32G4xx_HAL_Driver/Src/stm32g4xx_hal_tim.o
                0x080042c0                HAL_TIM_PWM_ConfigChannel
 .text.TIM_Base_SetConfig
                0x080044e8      0x154 ./Drivers/STM32G4xx_HAL_Driver/Src/stm32g4xx_hal_tim.o
                0x080044e8                TIM_Base_SetConfig
 .text.TIM_OC1_SetConfig
                0x0800463c      0x134 ./Drivers/STM32G4xx_HAL_Driver/Src/stm32g4xx_hal_tim.o
 .text.TIM_OC2_SetConfig
                0x08004770      0x128 ./Drivers/STM32G4xx_HAL_Driver/Src/stm32g4xx_hal_tim.o
                0x08004770                TIM_OC2_SetConfig
 .text.TIM_OC3_SetConfig
                0x08004898      0x124 ./Drivers/STM32G4xx_HAL_Driver/Src/stm32g4xx_hal_tim.o
 .text.TIM_OC4_SetConfig
                0x080049bc      0x128 ./Drivers/STM32G4xx_HAL_Driver/Src/stm32g4xx_hal_tim.o
 .text.TIM_OC5_SetConfig
                0x08004ae4       0xd4 ./Drivers/STM32G4xx_HAL_Driver/Src/stm32g4xx_hal_tim.o
 .text.TIM_OC6_SetConfig
                0x08004bb8       0xd8 ./Drivers/STM32G4xx_HAL_Driver/Src/stm32g4xx_hal_tim.o
 .text.HAL_TIMEx_MasterConfigSynchronization
                0x08004c90      0x11c ./Drivers/STM32G4xx_HAL_Driver/Src/stm32g4xx_hal_tim_ex.o
                0x08004c90                HAL_TIMEx_MasterConfigSynchronization
 .text.HAL_TIMEx_ConfigBreakDeadTime
                0x08004dac      0x128 ./Drivers/STM32G4xx_HAL_Driver/Src/stm32g4xx_hal_tim_ex.o
                0x08004dac                HAL_TIMEx_ConfigBreakDeadTime
 .text.HAL_UART_Init
                0x08004ed4       0xa0 ./Drivers/STM32G4xx_HAL_Driver/Src/stm32g4xx_hal_uart.o
                0x08004ed4                HAL_UART_Init
 .text.UART_SetConfig
                0x08004f74      0x5f8 ./Drivers/STM32G4xx_HAL_Driver/Src/stm32g4xx_hal_uart.o
                0x08004f74                UART_SetConfig
 .text.UART_AdvFeatureConfig
                0x0800556c      0x144 ./Drivers/STM32G4xx_HAL_Driver/Src/stm32g4xx_hal_uart.o
                0x0800556c                UART_AdvFeatureConfig
 .text.UART_CheckIdleState
                0x080056b0      0x154 ./Drivers/STM32G4xx_HAL_Driver/Src/stm32g4xx_hal_uart.o
                0x080056b0                UART_CheckIdleState
 .text.UART_WaitOnFlagUntilTimeout
                0x08005804       0xda ./Drivers/STM32G4xx_HAL_Driver/Src/stm32g4xx_hal_uart.o
                0x08005804                UART_WaitOnFlagUntilTimeout
 .text.UART_EndRxTransfer
                0x080058de       0xcc ./Drivers/STM32G4xx_HAL_Driver/Src/stm32g4xx_hal_uart.o
 .text.HAL_RS485Ex_Init
                0x080059aa       0xd2 ./Drivers/STM32G4xx_HAL_Driver/Src/stm32g4xx_hal_uart_ex.o
                0x080059aa                HAL_RS485Ex_Init
 .text.HAL_UARTEx_DisableFifoMode
                0x08005a7c       0x72 ./Drivers/STM32G4xx_HAL_Driver/Src/stm32g4xx_hal_uart_ex.o
                0x08005a7c                HAL_UARTEx_DisableFifoMode
 .text.HAL_UARTEx_SetTxFifoThreshold
                0x08005aee       0x7c ./Drivers/STM32G4xx_HAL_Driver/Src/stm32g4xx_hal_uart_ex.o
                0x08005aee                HAL_UARTEx_SetTxFifoThreshold
 .text.HAL_UARTEx_SetRxFifoThreshold
                0x08005b6a       0x7c ./Drivers/STM32G4xx_HAL_Driver/Src/stm32g4xx_hal_uart_ex.o
                0x08005b6a                HAL_UARTEx_SetRxFifoThreshold
 *fill*         0x08005be6        0x2 
 .text.UARTEx_SetNbDataToProcess
                0x08005be8       0x9c ./Drivers/STM32G4xx_HAL_Driver/Src/stm32g4xx_hal_uart_ex.o
 .text.USB_DisableGlobalInt
                0x08005c84       0x36 ./Drivers/STM32G4xx_HAL_Driver/Src/stm32g4xx_ll_usb.o
                0x08005c84                USB_DisableGlobalInt
 .text.USB_DevInit
                0x08005cba       0x3c ./Drivers/STM32G4xx_HAL_Driver/Src/stm32g4xx_ll_usb.o
                0x08005cba                USB_DevInit
 .text.memset   0x08005cf6       0x10 C:/ST/STM32CubeIDE_2.0.0/STM32CubeIDE/plugins/com.st.stm32cube.ide.mcu.externaltools.gnu-tools-for-stm32.13.3.rel1.win32_1.0.100.202509120712/tools/bin/../lib/gcc/arm-none-eabi/13.3.1/../../../../arm-none-eabi/lib/thumb/v7e-m+fp/hard\libc_nano.a(libc_a-memset.o)
                0x08005cf6                memset
 *fill*         0x08005d06        0x2 
 .text.__libc_init_array
                0x08005d08       0x48 C:/ST/STM32CubeIDE_2.0.0/STM32CubeIDE/plugins/com.st.stm32cube.ide.mcu.externaltools.gnu-tools-for-stm32.13.3.rel1.win32_1.0.100.202509120712/tools/bin/../lib/gcc/arm-none-eabi/13.3.1/../../../../arm-none-eabi/lib/thumb/v7e-m+fp/hard\libc_nano.a(libc_a-init.o)
                0x08005d08                __libc_init_array
 *(.glue_7)
 .glue_7        0x08005d50        0x0 linker stubs
 *(.glue_7t)
 .glue_7t       0x08005d50        0x0 linker stubs
 *(.eh_frame)
 .eh_frame      0x08005d50        0x0 C:/ST/STM32CubeIDE_2.0.0/STM32CubeIDE/plugins/com.st.stm32cube.ide.mcu.externaltools.gnu-tools-for-stm32.13.3.rel1.win32_1.0.100.202509120712/tools/bin/../lib/gcc/arm-none-eabi/13.3.1/thumb/v7e-m+fp/hard/crtbegin.o
 *(.init)
 .init          0x08005d50        0x4 C:/ST/STM32CubeIDE_2.0.0/STM32CubeIDE/plugins/com.st.stm32cube.ide.mcu.externaltools.gnu-tools-for-stm32.13.3.rel1.win32_1.0.100.202509120712/tools/bin/../lib/gcc/arm-none-eabi/13.3.1/thumb/v7e-m+fp/hard/crti.o
                0x08005d50                _init
 .init          0x08005d54        0x8 C:/ST/STM32CubeIDE_2.0.0/STM32CubeIDE/plugins/com.st.stm32cube.ide.mcu.externaltools.gnu-tools-for-stm32.13.3.rel1.win32_1.0.100.202509120712/tools/bin/../lib/gcc/arm-none-eabi/13.3.1/thumb/v7e-m+fp/hard/crtn.o
 *(.fini)
 .fini          0x08005d5c        0x4 C:/ST/STM32CubeIDE_2.0.0/STM32CubeIDE/plugins/com.st.stm32cube.ide.mcu.externaltools.gnu-tools-for-stm32.13.3.rel1.win32_1.0.100.202509120712/tools/bin/../lib/gcc/arm-none-eabi/13.3.1/thumb/v7e-m+fp/hard/crti.o
                0x08005d5c                _fini
 .fini          0x08005d60        0x8 C:/ST/STM32CubeIDE_2.0.0/STM32CubeIDE/plugins/com.st.stm32cube.ide.mcu.externaltools.gnu-tools-for-stm32.13.3.rel1.win32_1.0.100.202509120712/tools/bin/../lib/gcc/arm-none-eabi/13.3.1/thumb/v7e-m+fp/hard/crtn.o
                0x08005d68                        . = ALIGN (0x4)
                0x08005d68                        _etext = .

.vfp11_veneer   0x08005d68        0x0
 .vfp11_veneer  0x08005d68        0x0 linker stubs

.v4_bx          0x08005d68        0x0
 .v4_bx         0x08005d68        0x0 linker stubs

.iplt           0x08005d68        0x0
 .iplt          0x08005d68        0x0 C:/ST/STM32CubeIDE_2.0.0/STM32CubeIDE/plugins/com.st.stm32cube.ide.mcu.externaltools.gnu-tools-for-stm32.13.3.rel1.win32_1.0.100.202509120712/tools/bin/../lib/gcc/arm-none-eabi/13.3.1/thumb/v7e-m+fp/hard/crtbegin.o

.rodata         0x08005d68       0x40
                0x08005d68                        . = ALIGN (0x4)
 *(.rodata)
 *(.rodata*)
 .rodata.AHBPrescTable
                0x08005d68       0x10 ./Core/Src/system_stm32g4xx.o
                0x08005d68                AHBPrescTable
 .rodata.APBPrescTable
                0x08005d78        0x8 ./Core/Src/system_stm32g4xx.o
                0x08005d78                APBPrescTable
 .rodata.UARTPrescTable
                0x08005d80       0x18 ./Drivers/STM32G4xx_HAL_Driver/Src/stm32g4xx_hal_uart.o
                0x08005d80                UARTPrescTable
 .rodata.numerator.1
                0x08005d98        0x8 ./Drivers/STM32G4xx_HAL_Driver/Src/stm32g4xx_hal_uart_ex.o
 .rodata.denominator.0
                0x08005da0        0x8 ./Drivers/STM32G4xx_HAL_Driver/Src/stm32g4xx_hal_uart_ex.o
                0x08005da8                        . = ALIGN (0x4)

.ARM.extab      0x08005da8        0x0
                0x08005da8                        . = ALIGN (0x4)
 *(.ARM.extab* .gnu.linkonce.armextab.*)
                0x08005da8                        . = ALIGN (0x4)

.ARM            0x08005da8        0x8
                0x08005da8                        . = ALIGN (0x4)
                0x08005da8                        __exidx_start = .
 *(.ARM.exidx*)
 .ARM.exidx     0x08005da8        0x8 C:/ST/STM32CubeIDE_2.0.0/STM32CubeIDE/plugins/com.st.stm32cube.ide.mcu.externaltools.gnu-tools-for-stm32.13.3.rel1.win32_1.0.100.202509120712/tools/bin/../lib/gcc/arm-none-eabi/13.3.1/thumb/v7e-m+fp/hard\libgcc.a(_udivmoddi4.o)
                0x08005db0                        __exidx_end = .
                0x08005db0                        . = ALIGN (0x4)

.preinit_array  0x08005db0        0x0
                0x08005db0                        . = ALIGN (0x4)
                0x08005db0                        PROVIDE (__preinit_array_start = .)
 *(.preinit_array*)
                0x08005db0                        PROVIDE (__preinit_array_end = .)
                0x08005db0                        . = ALIGN (0x4)

.init_array     0x08005db0        0x4
                0x08005db0                        . = ALIGN (0x4)
                0x08005db0                        PROVIDE (__init_array_start = .)
 *(SORT_BY_NAME(.init_array.*))
 *(.init_array*)
 .init_array    0x08005db0        0x4 C:/ST/STM32CubeIDE_2.0.0/STM32CubeIDE/plugins/com.st.stm32cube.ide.mcu.externaltools.gnu-tools-for-stm32.13.3.rel1.win32_1.0.100.202509120712/tools/bin/../lib/gcc/arm-none-eabi/13.3.1/thumb/v7e-m+fp/hard/crtbegin.o
                0x08005db4                        PROVIDE (__init_array_end = .)
                0x08005db4                        . = ALIGN (0x4)

.fini_array     0x08005db4        0x4
                0x08005db4                        . = ALIGN (0x4)
                [!provide]                        PROVIDE (__fini_array_start = .)
 *(SORT_BY_NAME(.fini_array.*))
 *(.fini_array*)
 .fini_array    0x08005db4        0x4 C:/ST/STM32CubeIDE_2.0.0/STM32CubeIDE/plugins/com.st.stm32cube.ide.mcu.externaltools.gnu-tools-for-stm32.13.3.rel1.win32_1.0.100.202509120712/tools/bin/../lib/gcc/arm-none-eabi/13.3.1/thumb/v7e-m+fp/hard/crtbegin.o
                [!provide]                        PROVIDE (__fini_array_end = .)
                0x08005db8                        . = ALIGN (0x4)
                0x08005db8                        _sidata = LOADADDR (.data)

.rel.dyn        0x08005db8        0x0
 .rel.iplt      0x08005db8        0x0 C:/ST/STM32CubeIDE_2.0.0/STM32CubeIDE/plugins/com.st.stm32cube.ide.mcu.externaltools.gnu-tools-for-stm32.13.3.rel1.win32_1.0.100.202509120712/tools/bin/../lib/gcc/arm-none-eabi/13.3.1/thumb/v7e-m+fp/hard/crtbegin.o

.data           0x20000000        0xc load address 0x08005db8
                0x20000000                        . = ALIGN (0x4)
                0x20000000                        _sdata = .
 *(.data)
 *(.data*)
 .data.SystemCoreClock
                0x20000000        0x4 ./Core/Src/system_stm32g4xx.o
                0x20000000                SystemCoreClock
 .data.uwTickPrio
                0x20000004        0x4 ./Drivers/STM32G4xx_HAL_Driver/Src/stm32g4xx_hal.o
                0x20000004                uwTickPrio
 .data.uwTickFreq
                0x20000008        0x4 ./Drivers/STM32G4xx_HAL_Driver/Src/stm32g4xx_hal.o
                0x20000008                uwTickFreq
 *(.RamFunc)
 *(.RamFunc*)
                0x2000000c                        . = ALIGN (0x4)
                0x2000000c                        _edata = .

.igot.plt       0x2000000c        0x0 load address 0x08005dc4
 .igot.plt      0x2000000c        0x0 C:/ST/STM32CubeIDE_2.0.0/STM32CubeIDE/plugins/com.st.stm32cube.ide.mcu.externaltools.gnu-tools-for-stm32.13.3.rel1.win32_1.0.100.202509120712/tools/bin/../lib/gcc/arm-none-eabi/13.3.1/thumb/v7e-m+fp/hard/crtbegin.o
                0x2000000c                        . = ALIGN (0x4)

.bss            0x2000000c      0x5e0 load address 0x08005dc4
                0x2000000c                        _sbss = .
                0x2000000c                        __bss_start__ = _sbss
 *(.bss)
 .bss           0x2000000c       0x1c C:/ST/STM32CubeIDE_2.0.0/STM32CubeIDE/plugins/com.st.stm32cube.ide.mcu.externaltools.gnu-tools-for-stm32.13.3.rel1.win32_1.0.100.202509120712/tools/bin/../lib/gcc/arm-none-eabi/13.3.1/thumb/v7e-m+fp/hard/crtbegin.o
 *(.bss*)
 .bss.hadc1     0x20000028       0x6c ./Core/Src/adc.o
                0x20000028                hadc1
 .bss.hi2c3     0x20000094       0x54 ./Core/Src/i2c.o
                0x20000094                hi2c3
 .bss.hqspi1    0x200000e8       0x4c ./Core/Src/quadspi.o
                0x200000e8                hqspi1
 .bss.hspi1     0x20000134       0x64 ./Core/Src/spi.o
                0x20000134                hspi1
 .bss.htim1     0x20000198       0x4c ./Core/Src/tim.o
                0x20000198                htim1
 .bss.huart2    0x200001e4       0x94 ./Core/Src/usart.o
                0x200001e4                huart2
 .bss.huart3    0x20000278       0x94 ./Core/Src/usart.o
                0x20000278                huart3
 .bss.hpcd_USB_FS
                0x2000030c      0x2dc ./Core/Src/usb.o
                0x2000030c                hpcd_USB_FS
 .bss.uwTick    0x200005e8        0x4 ./Drivers/STM32G4xx_HAL_Driver/Src/stm32g4xx_hal.o
                0x200005e8                uwTick
 *(COMMON)
                0x200005ec                        . = ALIGN (0x4)
                0x200005ec                        _ebss = .
                0x200005ec                        __bss_end__ = _ebss

._user_heap_stack
                0x200005ec      0x604 load address 0x08005dc4
                0x200005f0                        . = ALIGN (0x8)
 *fill*         0x200005ec        0x4 
                [!provide]                        PROVIDE (end = .)
                0x200005f0                        PROVIDE (_end = .)
                0x200007f0                        . = (. + _Min_Heap_Size)
 *fill*         0x200005f0      0x200 
                0x20000bf0                        . = (. + _Min_Stack_Size)
 *fill*         0x200007f0      0x400 
                0x20000bf0                        . = ALIGN (0x8)

/DISCARD/
 libc.a(*)
 libm.a(*)
 libgcc.a(*)

.ARM.attributes
                0x00000000       0x30
 *(.ARM.attributes)
 .ARM.attributes
                0x00000000       0x22 C:/ST/STM32CubeIDE_2.0.0/STM32CubeIDE/plugins/com.st.stm32cube.ide.mcu.externaltools.gnu-tools-for-stm32.13.3.rel1.win32_1.0.100.202509120712/tools/bin/../lib/gcc/arm-none-eabi/13.3.1/thumb/v7e-m+fp/hard/crti.o
 .ARM.attributes
                0x00000022       0x34 C:/ST/STM32CubeIDE_2.0.0/STM32CubeIDE/plugins/com.st.stm32cube.ide.mcu.externaltools.gnu-tools-for-stm32.13.3.rel1.win32_1.0.100.202509120712/tools/bin/../lib/gcc/arm-none-eabi/13.3.1/thumb/v7e-m+fp/hard/crtbegin.o
 .ARM.attributes
                0x00000056       0x34 ./Core/Src/adc.o
 .ARM.attributes
                0x0000008a       0x34 ./Core/Src/gpio.o
 .ARM.attributes
                0x000000be       0x34 ./Core/Src/i2c.o
 .ARM.attributes
                0x000000f2       0x34 ./Core/Src/main.o
 .ARM.attributes
                0x00000126       0x34 ./Core/Src/quadspi.o
 .ARM.attributes
                0x0000015a       0x34 ./Core/Src/spi.o
 .ARM.attributes
                0x0000018e       0x34 ./Core/Src/stm32g4xx_hal_msp.o
 .ARM.attributes
                0x000001c2       0x34 ./Core/Src/stm32g4xx_it.o
 .ARM.attributes
                0x000001f6       0x34 ./Core/Src/system_stm32g4xx.o
 .ARM.attributes
                0x0000022a       0x34 ./Core/Src/tim.o
 .ARM.attributes
                0x0000025e       0x34 ./Core/Src/usart.o
 .ARM.attributes
                0x00000292       0x34 ./Core/Src/usb.o
 .ARM.attributes
                0x000002c6       0x21 ./Core/Startup/startup_stm32g491mesx.o
 .ARM.attributes
                0x000002e7       0x34 ./Drivers/STM32G4xx_HAL_Driver/Src/stm32g4xx_hal.o
 .ARM.attributes
                0x0000031b       0x34 ./Drivers/STM32G4xx_HAL_Driver/Src/stm32g4xx_hal_adc.o
 .ARM.attributes
                0x0000034f       0x34 ./Drivers/STM32G4xx_HAL_Driver/Src/stm32g4xx_hal_adc_ex.o
 .ARM.attributes
                0x00000383       0x34 ./Drivers/STM32G4xx_HAL_Driver/Src/stm32g4xx_hal_cortex.o
 .ARM.attributes
                0x000003b7       0x34 ./Drivers/STM32G4xx_HAL_Driver/Src/stm32g4xx_hal_gpio.o
 .ARM.attributes
                0x000003eb       0x34 ./Drivers/STM32G4xx_HAL_Driver/Src/stm32g4xx_hal_i2c.o
 .ARM.attributes
                0x0000041f       0x34 ./Drivers/STM32G4xx_HAL_Driver/Src/stm32g4xx_hal_i2c_ex.o
 .ARM.attributes
                0x00000453       0x34 ./Drivers/STM32G4xx_HAL_Driver/Src/stm32g4xx_hal_pcd.o
 .ARM.attributes
                0x00000487       0x34 ./Drivers/STM32G4xx_HAL_Driver/Src/stm32g4xx_hal_pcd_ex.o
 .ARM.attributes
                0x000004bb       0x34 ./Drivers/STM32G4xx_HAL_Driver/Src/stm32g4xx_hal_pwr_ex.o
 .ARM.attributes
                0x000004ef       0x34 ./Drivers/STM32G4xx_HAL_Driver/Src/stm32g4xx_hal_qspi.o
 .ARM.attributes
                0x00000523       0x34 ./Drivers/STM32G4xx_HAL_Driver/Src/stm32g4xx_hal_rcc.o
 .ARM.attributes
                0x00000557       0x34 ./Drivers/STM32G4xx_HAL_Driver/Src/stm32g4xx_hal_rcc_ex.o
 .ARM.attributes
                0x0000058b       0x34 ./Drivers/STM32G4xx_HAL_Driver/Src/stm32g4xx_hal_spi.o
 .ARM.attributes
                0x000005bf       0x34 ./Drivers/STM32G4xx_HAL_Driver/Src/stm32g4xx_hal_tim.o
 .ARM.attributes
                0x000005f3       0x34 ./Drivers/STM32G4xx_HAL_Driver/Src/stm32g4xx_hal_tim_ex.o
 .ARM.attributes
                0x00000627       0x34 ./Drivers/STM32G4xx_HAL_Driver/Src/stm32g4xx_hal_uart.o
 .ARM.attributes
                0x0000065b       0x34 ./Drivers/STM32G4xx_HAL_Driver/Src/stm32g4xx_hal_uart_ex.o
 .ARM.attributes
                0x0000068f       0x34 ./Drivers/STM32G4xx_HAL_Driver/Src/stm32g4xx_ll_usb.o
 .ARM.attributes
                0x000006c3       0x34 C:/ST/STM32CubeIDE_2.0.0/STM32CubeIDE/plugins/com.st.stm32cube.ide.mcu.externaltools.gnu-tools-for-stm32.13.3.rel1.win32_1.0.100.202509120712/tools/bin/../lib/gcc/arm-none-eabi/13.3.1/../../../../arm-none-eabi/lib/thumb/v7e-m+fp/hard\libc_nano.a(libc_a-memset.o)
 .ARM.attributes
                0x000006f7       0x34 C:/ST/STM32CubeIDE_2.0.0/STM32CubeIDE/plugins/com.st.stm32cube.ide.mcu.externaltools.gnu-tools-for-stm32.13.3.rel1.win32_1.0.100.202509120712/tools/bin/../lib/gcc/arm-none-eabi/13.3.1/../../../../arm-none-eabi/lib/thumb/v7e-m+fp/hard\libc_nano.a(libc_a-init.o)
 .ARM.attributes
                0x0000072b       0x22 C:/ST/STM32CubeIDE_2.0.0/STM32CubeIDE/plugins/com.st.stm32cube.ide.mcu.externaltools.gnu-tools-for-stm32.13.3.rel1.win32_1.0.100.202509120712/tools/bin/../lib/gcc/arm-none-eabi/13.3.1/thumb/v7e-m+fp/hard\libgcc.a(_aeabi_uldivmod.o)
 .ARM.attributes
                0x0000074d       0x34 C:/ST/STM32CubeIDE_2.0.0/STM32CubeIDE/plugins/com.st.stm32cube.ide.mcu.externaltools.gnu-tools-for-stm32.13.3.rel1.win32_1.0.100.202509120712/tools/bin/../lib/gcc/arm-none-eabi/13.3.1/thumb/v7e-m+fp/hard\libgcc.a(_udivmoddi4.o)
 .ARM.attributes
                0x00000781       0x22 C:/ST/STM32CubeIDE_2.0.0/STM32CubeIDE/plugins/com.st.stm32cube.ide.mcu.externaltools.gnu-tools-for-stm32.13.3.rel1.win32_1.0.100.202509120712/tools/bin/../lib/gcc/arm-none-eabi/13.3.1/thumb/v7e-m+fp/hard\libgcc.a(_dvmd_tls.o)
 .ARM.attributes
                0x000007a3       0x22 C:/ST/STM32CubeIDE_2.0.0/STM32CubeIDE/plugins/com.st.stm32cube.ide.mcu.externaltools.gnu-tools-for-stm32.13.3.rel1.win32_1.0.100.202509120712/tools/bin/../lib/gcc/arm-none-eabi/13.3.1/thumb/v7e-m+fp/hard/crtn.o
OUTPUT(LRB_STM.elf elf32-littlearm)
LOAD linker stubs
LOAD C:/ST/STM32CubeIDE_2.0.0/STM32CubeIDE/plugins/com.st.stm32cube.ide.mcu.externaltools.gnu-tools-for-stm32.13.3.rel1.win32_1.0.100.202509120712/tools/bin/../lib/gcc/arm-none-eabi/13.3.1/../../../../arm-none-eabi/lib/thumb/v7e-m+fp/hard\libc.a
LOAD C:/ST/STM32CubeIDE_2.0.0/STM32CubeIDE/plugins/com.st.stm32cube.ide.mcu.externaltools.gnu-tools-for-stm32.13.3.rel1.win32_1.0.100.202509120712/tools/bin/../lib/gcc/arm-none-eabi/13.3.1/../../../../arm-none-eabi/lib/thumb/v7e-m+fp/hard\libm.a
LOAD C:/ST/STM32CubeIDE_2.0.0/STM32CubeIDE/plugins/com.st.stm32cube.ide.mcu.externaltools.gnu-tools-for-stm32.13.3.rel1.win32_1.0.100.202509120712/tools/bin/../lib/gcc/arm-none-eabi/13.3.1/thumb/v7e-m+fp/hard\libgcc.a

.debug_info     0x00000000    0x215f6
 .debug_info    0x00000000      0xf3d ./Core/Src/adc.o
 .debug_info    0x00000f3d      0x4d3 ./Core/Src/gpio.o
 .debug_info    0x00001410      0xc96 ./Core/Src/i2c.o
 .debug_info    0x000020a6      0x3f7 ./Core/Src/main.o
 .debug_info    0x0000249d      0xc0a ./Core/Src/quadspi.o
 .debug_info    0x000030a7      0xaf6 ./Core/Src/spi.o
 .debug_info    0x00003b9d      0x2da ./Core/Src/stm32g4xx_hal_msp.o
 .debug_info    0x00003e77      0x113 ./Core/Src/stm32g4xx_it.o
 .debug_info    0x00003f8a      0x58e ./Core/Src/system_stm32g4xx.o
 .debug_info    0x00004518      0xe8f ./Core/Src/tim.o
 .debug_info    0x000053a7      0xe13 ./Core/Src/usart.o
 .debug_info    0x000061ba      0x993 ./Core/Src/usb.o
 .debug_info    0x00006b4d       0x30 ./Core/Startup/startup_stm32g491mesx.o
 .debug_info    0x00006b7d      0xb29 ./Drivers/STM32G4xx_HAL_Driver/Src/stm32g4xx_hal.o
 .debug_info    0x000076a6     0x2063 ./Drivers/STM32G4xx_HAL_Driver/Src/stm32g4xx_hal_adc.o
 .debug_info    0x00009709     0x1d80 ./Drivers/STM32G4xx_HAL_Driver/Src/stm32g4xx_hal_adc_ex.o
 .debug_info    0x0000b489      0xd8d ./Drivers/STM32G4xx_HAL_Driver/Src/stm32g4xx_hal_cortex.o
 .debug_info    0x0000c216      0x763 ./Drivers/STM32G4xx_HAL_Driver/Src/stm32g4xx_hal_gpio.o
 .debug_info    0x0000c979     0x21ea ./Drivers/STM32G4xx_HAL_Driver/Src/stm32g4xx_hal_i2c.o
 .debug_info    0x0000eb63      0xad6 ./Drivers/STM32G4xx_HAL_Driver/Src/stm32g4xx_hal_i2c_ex.o
 .debug_info    0x0000f639     0x1610 ./Drivers/STM32G4xx_HAL_Driver/Src/stm32g4xx_hal_pcd.o
 .debug_info    0x00010c49      0x80a ./Drivers/STM32G4xx_HAL_Driver/Src/stm32g4xx_hal_pcd_ex.o
 .debug_info    0x00011453      0x93f ./Drivers/STM32G4xx_HAL_Driver/Src/stm32g4xx_hal_pwr_ex.o
 .debug_info    0x00011d92     0x12d9 ./Drivers/STM32G4xx_HAL_Driver/Src/stm32g4xx_hal_qspi.o
 .debug_info    0x0001306b      0xb82 ./Drivers/STM32G4xx_HAL_Driver/Src/stm32g4xx_hal_rcc.o
 .debug_info    0x00013bed      0xc39 ./Drivers/STM32G4xx_HAL_Driver/Src/stm32g4xx_hal_rcc_ex.o
 .debug_info    0x00014826     0x1677 ./Drivers/STM32G4xx_HAL_Driver/Src/stm32g4xx_hal_spi.o
 .debug_info    0x00015e9d     0x2c52 ./Drivers/STM32G4xx_HAL_Driver/Src/stm32g4xx_hal_tim.o
 .debug_info    0x00018aef     0x1d95 ./Drivers/STM32G4xx_HAL_Driver/Src/stm32g4xx_hal_tim_ex.o
 .debug_info    0x0001a884     0x481e ./Drivers/STM32G4xx_HAL_Driver/Src/stm32g4xx_hal_uart.o
 .debug_info    0x0001f0a2      0xfdd ./Drivers/STM32G4xx_HAL_Driver/Src/stm32g4xx_hal_uart_ex.o
 .debug_info    0x0002007f     0x1577 ./Drivers/STM32G4xx_HAL_Driver/Src/stm32g4xx_ll_usb.o

.debug_abbrev   0x00000000     0x4394
 .debug_abbrev  0x00000000      0x1f1 ./Core/Src/adc.o
 .debug_abbrev  0x000001f1      0x152 ./Core/Src/gpio.o
 .debug_abbrev  0x00000343      0x213 ./Core/Src/i2c.o
 .debug_abbrev  0x00000556      0x1d9 ./Core/Src/main.o
 .debug_abbrev  0x0000072f      0x1ed ./Core/Src/quadspi.o
 .debug_abbrev  0x0000091c      0x1f6 ./Core/Src/spi.o
 .debug_abbrev  0x00000b12       0xd9 ./Core/Src/stm32g4xx_hal_msp.o
 .debug_abbrev  0x00000beb       0x73 ./Core/Src/stm32g4xx_it.o
 .debug_abbrev  0x00000c5e      0x11a ./Core/Src/system_stm32g4xx.o
 .debug_abbrev  0x00000d78      0x248 ./Core/Src/tim.o
 .debug_abbrev  0x00000fc0      0x213 ./Core/Src/usart.o
 .debug_abbrev  0x000011d3      0x205 ./Core/Src/usb.o
 .debug_abbrev  0x000013d8       0x24 ./Core/Startup/startup_stm32g491mesx.o
 .debug_abbrev  0x000013fc      0x271 ./Drivers/STM32G4xx_HAL_Driver/Src/stm32g4xx_hal.o
 .debug_abbrev  0x0000166d      0x2d3 ./Drivers/STM32G4xx_HAL_Driver/Src/stm32g4xx_hal_adc.o
 .debug_abbrev  0x00001940      0x2ee ./Drivers/STM32G4xx_HAL_Driver/Src/stm32g4xx_hal_adc_ex.o
 .debug_abbrev  0x00001c2e      0x31c ./Drivers/STM32G4xx_HAL_Driver/Src/stm32g4xx_hal_cortex.o
 .debug_abbrev  0x00001f4a      0x1cb ./Drivers/STM32G4xx_HAL_Driver/Src/stm32g4xx_hal_gpio.o
 .debug_abbrev  0x00002115      0x25e ./Drivers/STM32G4xx_HAL_Driver/Src/stm32g4xx_hal_i2c.o
 .debug_abbrev  0x00002373      0x1c0 ./Drivers/STM32G4xx_HAL_Driver/Src/stm32g4xx_hal_i2c_ex.o
 .debug_abbrev  0x00002533      0x2b9 ./Drivers/STM32G4xx_HAL_Driver/Src/stm32g4xx_hal_pcd.o
 .debug_abbrev  0x000027ec      0x228 ./Drivers/STM32G4xx_HAL_Driver/Src/stm32g4xx_hal_pcd_ex.o
 .debug_abbrev  0x00002a14      0x22c ./Drivers/STM32G4xx_HAL_Driver/Src/stm32g4xx_hal_pwr_ex.o
 .debug_abbrev  0x00002c40      0x24d ./Drivers/STM32G4xx_HAL_Driver/Src/stm32g4xx_hal_qspi.o
 .debug_abbrev  0x00002e8d      0x2c9 ./Drivers/STM32G4xx_HAL_Driver/Src/stm32g4xx_hal_rcc.o
 .debug_abbrev  0x00003156      0x258 ./Drivers/STM32G4xx_HAL_Driver/Src/stm32g4xx_hal_rcc_ex.o
 .debug_abbrev  0x000033ae      0x25d ./Drivers/STM32G4xx_HAL_Driver/Src/stm32g4xx_hal_spi.o
 .debug_abbrev  0x0000360b      0x2a7 ./Drivers/STM32G4xx_HAL_Driver/Src/stm32g4xx_hal_tim.o
 .debug_abbrev  0x000038b2      0x2c5 ./Drivers/STM32G4xx_HAL_Driver/Src/stm32g4xx_hal_tim_ex.o
 .debug_abbrev  0x00003b77      0x304 ./Drivers/STM32G4xx_HAL_Driver/Src/stm32g4xx_hal_uart.o
 .debug_abbrev  0x00003e7b      0x2d2 ./Drivers/STM32G4xx_HAL_Driver/Src/stm32g4xx_hal_uart_ex.o
 .debug_abbrev  0x0000414d      0x247 ./Drivers/STM32G4xx_HAL_Driver/Src/stm32g4xx_ll_usb.o

.debug_aranges  0x00000000     0x1d68
 .debug_aranges
                0x00000000       0x30 ./Core/Src/adc.o
 .debug_aranges
                0x00000030       0x20 ./Core/Src/gpio.o
 .debug_aranges
                0x00000050       0x30 ./Core/Src/i2c.o
 .debug_aranges
                0x00000080       0x30 ./Core/Src/main.o
 .debug_aranges
                0x000000b0       0x30 ./Core/Src/quadspi.o
 .debug_aranges
                0x000000e0       0x30 ./Core/Src/spi.o
 .debug_aranges
                0x00000110       0x20 ./Core/Src/stm32g4xx_hal_msp.o
 .debug_aranges
                0x00000130       0x60 ./Core/Src/stm32g4xx_it.o
 .debug_aranges
                0x00000190       0x28 ./Core/Src/system_stm32g4xx.o
 .debug_aranges
                0x000001b8       0x38 ./Core/Src/tim.o
 .debug_aranges
                0x000001f0       0x38 ./Core/Src/usart.o
 .debug_aranges
                0x00000228       0x30 ./Core/Src/usb.o
 .debug_aranges
                0x00000258       0x28 ./Core/Startup/startup_stm32g491mesx.o
 .debug_aranges
                0x00000280      0x148 ./Drivers/STM32G4xx_HAL_Driver/Src/stm32g4xx_hal.o
 .debug_aranges
                0x000003c8      0x248 ./Drivers/STM32G4xx_HAL_Driver/Src/stm32g4xx_hal_adc.o
 .debug_aranges
                0x00000610      0x1c0 ./Drivers/STM32G4xx_HAL_Driver/Src/stm32g4xx_hal_adc_ex.o
 .debug_aranges
                0x000007d0      0x128 ./Drivers/STM32G4xx_HAL_Driver/Src/stm32g4xx_hal_cortex.o
 .debug_aranges
                0x000008f8       0x58 ./Drivers/STM32G4xx_HAL_Driver/Src/stm32g4xx_hal_gpio.o
 .debug_aranges
                0x00000950      0x2a0 ./Drivers/STM32G4xx_HAL_Driver/Src/stm32g4xx_hal_i2c.o
 .debug_aranges
                0x00000bf0       0x48 ./Drivers/STM32G4xx_HAL_Driver/Src/stm32g4xx_hal_i2c_ex.o
 .debug_aranges
                0x00000c38      0x138 ./Drivers/STM32G4xx_HAL_Driver/Src/stm32g4xx_hal_pcd.o
 .debug_aranges
                0x00000d70       0x58 ./Drivers/STM32G4xx_HAL_Driver/Src/stm32g4xx_hal_pcd_ex.o
 .debug_aranges
                0x00000dc8      0x140 ./Drivers/STM32G4xx_HAL_Driver/Src/stm32g4xx_hal_pwr_ex.o
 .debug_aranges
                0x00000f08      0x168 ./Drivers/STM32G4xx_HAL_Driver/Src/stm32g4xx_hal_qspi.o
 .debug_aranges
                0x00001070       0x98 ./Drivers/STM32G4xx_HAL_Driver/Src/stm32g4xx_hal_rcc.o
 .debug_aranges
                0x00001108       0xb0 ./Drivers/STM32G4xx_HAL_Driver/Src/stm32g4xx_hal_rcc_ex.o
 .debug_aranges
                0x000011b8      0x1d8 ./Drivers/STM32G4xx_HAL_Driver/Src/stm32g4xx_hal_spi.o
 .debug_aranges
                0x00001390      0x3e0 ./Drivers/STM32G4xx_HAL_Driver/Src/stm32g4xx_hal_tim.o
 .debug_aranges
                0x00001770      0x240 ./Drivers/STM32G4xx_HAL_Driver/Src/stm32g4xx_hal_tim_ex.o
 .debug_aranges
                0x000019b0      0x248 ./Drivers/STM32G4xx_HAL_Driver/Src/stm32g4xx_hal_uart.o
 .debug_aranges
                0x00001bf8       0xa8 ./Drivers/STM32G4xx_HAL_Driver/Src/stm32g4xx_hal_uart_ex.o
 .debug_aranges
                0x00001ca0       0xc8 ./Drivers/STM32G4xx_HAL_Driver/Src/stm32g4xx_ll_usb.o

.debug_rnglists
                0x00000000     0x16de
 .debug_rnglists
                0x00000000       0x21 ./Core/Src/adc.o
 .debug_rnglists
                0x00000021       0x14 ./Core/Src/gpio.o
 .debug_rnglists
                0x00000035       0x21 ./Core/Src/i2c.o
 .debug_rnglists
                0x00000056       0x21 ./Core/Src/main.o
 .debug_rnglists
                0x00000077       0x20 ./Core/Src/quadspi.o
 .debug_rnglists
                0x00000097       0x20 ./Core/Src/spi.o
 .debug_rnglists
                0x000000b7       0x13 ./Core/Src/stm32g4xx_hal_msp.o
 .debug_rnglists
                0x000000ca       0x43 ./Core/Src/stm32g4xx_it.o
 .debug_rnglists
                0x0000010d       0x1a ./Core/Src/system_stm32g4xx.o
 .debug_rnglists
                0x00000127       0x26 ./Core/Src/tim.o
 .debug_rnglists
                0x0000014d       0x28 ./Core/Src/usart.o
 .debug_rnglists
                0x00000175       0x1f ./Core/Src/usb.o
 .debug_rnglists
                0x00000194       0x19 ./Core/Startup/startup_stm32g491mesx.o
 .debug_rnglists
                0x000001ad       0xf1 ./Drivers/STM32G4xx_HAL_Driver/Src/stm32g4xx_hal.o
 .debug_rnglists
                0x0000029e      0x1c0 ./Drivers/STM32G4xx_HAL_Driver/Src/stm32g4xx_hal_adc.o
 .debug_rnglists
                0x0000045e      0x15a ./Drivers/STM32G4xx_HAL_Driver/Src/stm32g4xx_hal_adc_ex.o
 .debug_rnglists
                0x000005b8       0xda ./Drivers/STM32G4xx_HAL_Driver/Src/stm32g4xx_hal_cortex.o
 .debug_rnglists
                0x00000692       0x3f ./Drivers/STM32G4xx_HAL_Driver/Src/stm32g4xx_hal_gpio.o
 .debug_rnglists
                0x000006d1      0x228 ./Drivers/STM32G4xx_HAL_Driver/Src/stm32g4xx_hal_i2c.o
 .debug_rnglists
                0x000008f9       0x35 ./Drivers/STM32G4xx_HAL_Driver/Src/stm32g4xx_hal_i2c_ex.o
 .debug_rnglists
                0x0000092e       0xee ./Drivers/STM32G4xx_HAL_Driver/Src/stm32g4xx_hal_pcd.o
 .debug_rnglists
                0x00000a1c       0x3f ./Drivers/STM32G4xx_HAL_Driver/Src/stm32g4xx_hal_pcd_ex.o
 .debug_rnglists
                0x00000a5b       0xf1 ./Drivers/STM32G4xx_HAL_Driver/Src/stm32g4xx_hal_pwr_ex.o
 .debug_rnglists
                0x00000b4c      0x119 ./Drivers/STM32G4xx_HAL_Driver/Src/stm32g4xx_hal_qspi.o
 .debug_rnglists
                0x00000c65       0x74 ./Drivers/STM32G4xx_HAL_Driver/Src/stm32g4xx_hal_rcc.o
 .debug_rnglists
                0x00000cd9       0x87 ./Drivers/STM32G4xx_HAL_Driver/Src/stm32g4xx_hal_rcc_ex.o
 .debug_rnglists
                0x00000d60      0x178 ./Drivers/STM32G4xx_HAL_Driver/Src/stm32g4xx_hal_spi.o
 .debug_rnglists
                0x00000ed8      0x328 ./Drivers/STM32G4xx_HAL_Driver/Src/stm32g4xx_hal_tim.o
 .debug_rnglists
                0x00001200      0x1cc ./Drivers/STM32G4xx_HAL_Driver/Src/stm32g4xx_hal_tim_ex.o
 .debug_rnglists
                0x000013cc      0x1fa ./Drivers/STM32G4xx_HAL_Driver/Src/stm32g4xx_hal_uart.o
 .debug_rnglists
                0x000015c6       0x7f ./Drivers/STM32G4xx_HAL_Driver/Src/stm32g4xx_hal_uart_ex.o
 .debug_rnglists
                0x00001645       0x99 ./Drivers/STM32G4xx_HAL_Driver/Src/stm32g4xx_ll_usb.o

.debug_macro    0x00000000    0x23cac
 .debug_macro   0x00000000      0x266 ./Core/Src/adc.o
 .debug_macro   0x00000266      0xad8 ./Core/Src/adc.o
 .debug_macro   0x00000d3e      0x179 ./Core/Src/adc.o
 .debug_macro   0x00000eb7       0x2e ./Core/Src/adc.o
 .debug_macro   0x00000ee5       0x28 ./Core/Src/adc.o
 .debug_macro   0x00000f0d       0x22 ./Core/Src/adc.o
 .debug_macro   0x00000f2f       0x8e ./Core/Src/adc.o
 .debug_macro   0x00000fbd       0x51 ./Core/Src/adc.o
 .debug_macro   0x0000100e      0x103 ./Core/Src/adc.o
 .debug_macro   0x00001111       0x6a ./Core/Src/adc.o
 .debug_macro   0x0000117b      0x1df ./Core/Src/adc.o
 .debug_macro   0x0000135a       0x1c ./Core/Src/adc.o
 .debug_macro   0x00001376       0x22 ./Core/Src/adc.o
 .debug_macro   0x00001398       0xfb ./Core/Src/adc.o
 .debug_macro   0x00001493     0x1011 ./Core/Src/adc.o
 .debug_macro   0x000024a4      0x11f ./Core/Src/adc.o
 .debug_macro   0x000025c3    0x11e7f ./Core/Src/adc.o
 .debug_macro   0x00014442       0x6d ./Core/Src/adc.o
 .debug_macro   0x000144af     0x3558 ./Core/Src/adc.o
 .debug_macro   0x00017a07      0x190 ./Core/Src/adc.o
 .debug_macro   0x00017b97       0x5c ./Core/Src/adc.o
 .debug_macro   0x00017bf3     0x1535 ./Core/Src/adc.o
 .debug_macro   0x00019128      0x5cf ./Core/Src/adc.o
 .debug_macro   0x000196f7      0x1b6 ./Core/Src/adc.o
 .debug_macro   0x000198ad      0x2d0 ./Core/Src/adc.o
 .debug_macro   0x00019b7d      0x4a2 ./Core/Src/adc.o
 .debug_macro   0x0001a01f      0x18b ./Core/Src/adc.o
 .debug_macro   0x0001a1aa       0x43 ./Core/Src/adc.o
 .debug_macro   0x0001a1ed      0x23d ./Core/Src/adc.o
 .debug_macro   0x0001a42a     0x1112 ./Core/Src/adc.o
 .debug_macro   0x0001b53c      0x72e ./Core/Src/adc.o
 .debug_macro   0x0001bc6a      0x391 ./Core/Src/adc.o
 .debug_macro   0x0001bffb      0x211 ./Core/Src/adc.o
 .debug_macro   0x0001c20c      0x416 ./Core/Src/adc.o
 .debug_macro   0x0001c622      0x10e ./Core/Src/adc.o
 .debug_macro   0x0001c730      0x22c ./Core/Src/adc.o
 .debug_macro   0x0001c95c       0x61 ./Core/Src/adc.o
 .debug_macro   0x0001c9bd       0xa5 ./Core/Src/adc.o
 .debug_macro   0x0001ca62       0x73 ./Core/Src/adc.o
 .debug_macro   0x0001cad5      0x22d ./Core/Src/adc.o
 .debug_macro   0x0001cd02      0x122 ./Core/Src/adc.o
 .debug_macro   0x0001ce24      0x3d1 ./Core/Src/adc.o
 .debug_macro   0x0001d1f5      0x2d4 ./Core/Src/adc.o
 .debug_macro   0x0001d4c9      0x2fe ./Core/Src/adc.o
 .debug_macro   0x0001d7c7      0xbe8 ./Core/Src/adc.o
 .debug_macro   0x0001e3af      0x4ee ./Core/Src/adc.o
 .debug_macro   0x0001e89d      0x693 ./Core/Src/adc.o
 .debug_macro   0x0001ef30       0xa6 ./Core/Src/adc.o
 .debug_macro   0x0001efd6      0x321 ./Core/Src/adc.o
 .debug_macro   0x0001f2f7      0x118 ./Core/Src/adc.o
 .debug_macro   0x0001f40f      0x266 ./Core/Src/gpio.o
 .debug_macro   0x0001f675      0x266 ./Core/Src/i2c.o
 .debug_macro   0x0001f8db      0x2b0 ./Core/Src/main.o
 .debug_macro   0x0001fb8b      0x266 ./Core/Src/quadspi.o
 .debug_macro   0x0001fdf1      0x266 ./Core/Src/spi.o
 .debug_macro   0x00020057      0x25c ./Core/Src/stm32g4xx_hal_msp.o
 .debug_macro   0x000202b3      0x266 ./Core/Src/stm32g4xx_it.o
 .debug_macro   0x00020519      0x24d ./Core/Src/system_stm32g4xx.o
 .debug_macro   0x00020766      0x266 ./Core/Src/tim.o
 .debug_macro   0x000209cc      0x266 ./Core/Src/usart.o
 .debug_macro   0x00020c32      0x266 ./Core/Src/usb.o
 .debug_macro   0x00020e98      0x29b ./Drivers/STM32G4xx_HAL_Driver/Src/stm32g4xx_hal.o
 .debug_macro   0x00021133      0x26a ./Drivers/STM32G4xx_HAL_Driver/Src/stm32g4xx_hal_adc.o
 .debug_macro   0x0002139d      0x259 ./Drivers/STM32G4xx_HAL_Driver/Src/stm32g4xx_hal_adc_ex.o
 .debug_macro   0x000215f6      0x24d ./Drivers/STM32G4xx_HAL_Driver/Src/stm32g4xx_hal_cortex.o
 .debug_macro   0x00021843      0x254 ./Drivers/STM32G4xx_HAL_Driver/Src/stm32g4xx_hal_gpio.o
 .debug_macro   0x00021a97      0x319 ./Drivers/STM32G4xx_HAL_Driver/Src/stm32g4xx_hal_i2c.o
 .debug_macro   0x00021db0      0x24d ./Drivers/STM32G4xx_HAL_Driver/Src/stm32g4xx_hal_i2c_ex.o
 .debug_macro   0x00021ffd      0x259 ./Drivers/STM32G4xx_HAL_Driver/Src/stm32g4xx_hal_pcd.o
 .debug_macro   0x00022256      0x24d ./Drivers/STM32G4xx_HAL_Driver/Src/stm32g4xx_hal_pcd_ex.o
 .debug_macro   0x000224a3      0x277 ./Drivers/STM32G4xx_HAL_Driver/Src/stm32g4xx_hal_pwr_ex.o
 .debug_macro   0x0002271a      0x271 ./Drivers/STM32G4xx_HAL_Driver/Src/stm32g4xx_hal_qspi.o
 .debug_macro   0x0002298b      0x28f ./Drivers/STM32G4xx_HAL_Driver/Src/stm32g4xx_hal_rcc.o
 .debug_macro   0x00022c1a      0x277 ./Drivers/STM32G4xx_HAL_Driver/Src/stm32g4xx_hal_rcc_ex.o
 .debug_macro   0x00022e91      0x255 ./Drivers/STM32G4xx_HAL_Driver/Src/stm32g4xx_hal_spi.o
 .debug_macro   0x000230e6      0x255 ./Drivers/STM32G4xx_HAL_Driver/Src/stm32g4xx_hal_tim.o
 .debug_macro   0x0002333b      0x253 ./Drivers/STM32G4xx_HAL_Driver/Src/stm32g4xx_hal_tim_ex.o
 .debug_macro   0x0002358e      0x278 ./Drivers/STM32G4xx_HAL_Driver/Src/stm32g4xx_hal_uart.o
 .debug_macro   0x00023806      0x259 ./Drivers/STM32G4xx_HAL_Driver/Src/stm32g4xx_hal_uart_ex.o
 .debug_macro   0x00023a5f      0x24d ./Drivers/STM32G4xx_HAL_Driver/Src/stm32g4xx_ll_usb.o

.debug_line     0x00000000    0x2551c
 .debug_line    0x00000000      0x933 ./Core/Src/adc.o
 .debug_line    0x00000933      0x8c8 ./Core/Src/gpio.o
 .debug_line    0x000011fb      0x90e ./Core/Src/i2c.o
 .debug_line    0x00001b09      0x933 ./Core/Src/main.o
 .debug_line    0x0000243c      0x910 ./Core/Src/quadspi.o
 .debug_line    0x00002d4c      0x8ea ./Core/Src/spi.o
 .debug_line    0x00003636      0x86e ./Core/Src/stm32g4xx_hal_msp.o
 .debug_line    0x00003ea4      0x91c ./Core/Src/stm32g4xx_it.o
 .debug_line    0x000047c0      0x8da ./Core/Src/system_stm32g4xx.o
 .debug_line    0x0000509a      0x95d ./Core/Src/tim.o
 .debug_line    0x000059f7      0x9cd ./Core/Src/usart.o
 .debug_line    0x000063c4      0x8d8 ./Core/Src/usb.o
 .debug_line    0x00006c9c       0x7b ./Core/Startup/startup_stm32g491mesx.o
 .debug_line    0x00006d17      0xca6 ./Drivers/STM32G4xx_HAL_Driver/Src/stm32g4xx_hal.o
 .debug_line    0x000079bd     0x22b9 ./Drivers/STM32G4xx_HAL_Driver/Src/stm32g4xx_hal_adc.o
 .debug_line    0x00009c76     0x1c31 ./Drivers/STM32G4xx_HAL_Driver/Src/stm32g4xx_hal_adc_ex.o
 .debug_line    0x0000b8a7      0xe0b ./Drivers/STM32G4xx_HAL_Driver/Src/stm32g4xx_hal_cortex.o
 .debug_line    0x0000c6b2      0xc7f ./Drivers/STM32G4xx_HAL_Driver/Src/stm32g4xx_hal_gpio.o
 .debug_line    0x0000d331     0x383a ./Drivers/STM32G4xx_HAL_Driver/Src/stm32g4xx_hal_i2c.o
 .debug_line    0x00010b6b      0x9d3 ./Drivers/STM32G4xx_HAL_Driver/Src/stm32g4xx_hal_i2c_ex.o
 .debug_line    0x0001153e     0x1425 ./Drivers/STM32G4xx_HAL_Driver/Src/stm32g4xx_hal_pcd.o
 .debug_line    0x00012963      0xa0f ./Drivers/STM32G4xx_HAL_Driver/Src/stm32g4xx_hal_pcd_ex.o
 .debug_line    0x00013372      0xe05 ./Drivers/STM32G4xx_HAL_Driver/Src/stm32g4xx_hal_pwr_ex.o
 .debug_line    0x00014177     0x159c ./Drivers/STM32G4xx_HAL_Driver/Src/stm32g4xx_hal_qspi.o
 .debug_line    0x00015713     0x1129 ./Drivers/STM32G4xx_HAL_Driver/Src/stm32g4xx_hal_rcc.o
 .debug_line    0x0001683c     0x135f ./Drivers/STM32G4xx_HAL_Driver/Src/stm32g4xx_hal_rcc_ex.o
 .debug_line    0x00017b9b     0x2154 ./Drivers/STM32G4xx_HAL_Driver/Src/stm32g4xx_hal_spi.o
 .debug_line    0x00019cef     0x40f5 ./Drivers/STM32G4xx_HAL_Driver/Src/stm32g4xx_hal_tim.o
 .debug_line    0x0001dde4     0x213e ./Drivers/STM32G4xx_HAL_Driver/Src/stm32g4xx_hal_tim_ex.o
 .debug_line    0x0001ff22     0x36f4 ./Drivers/STM32G4xx_HAL_Driver/Src/stm32g4xx_hal_uart.o
 .debug_line    0x00023616      0xddb ./Drivers/STM32G4xx_HAL_Driver/Src/stm32g4xx_hal_uart_ex.o
 .debug_line    0x000243f1     0x112b ./Drivers/STM32G4xx_HAL_Driver/Src/stm32g4xx_ll_usb.o

.debug_str      0x00000000    0xea53f
 .debug_str     0x00000000    0xea53f ./Core/Src/adc.o
                              0xe2169 (size before relaxing)
 .debug_str     0x000ea53f        0x0 ./Core/Src/gpio.o
                              0xe18fe (size before relaxing)
 .debug_str     0x000ea53f        0x0 ./Core/Src/i2c.o
                              0xe20ca (size before relaxing)
 .debug_str     0x000ea53f        0x0 ./Core/Src/main.o
                              0xe1a05 (size before relaxing)
 .debug_str     0x000ea53f        0x0 ./Core/Src/quadspi.o
                              0xe2012 (size before relaxing)
 .debug_str     0x000ea53f        0x0 ./Core/Src/spi.o
                              0xe1e33 (size before relaxing)
 .debug_str     0x000ea53f        0x0 ./Core/Src/stm32g4xx_hal_msp.o
                              0xe1854 (size before relaxing)
 .debug_str     0x000ea53f        0x0 ./Core/Src/stm32g4xx_it.o
                              0xe1763 (size before relaxing)
 .debug_str     0x000ea53f        0x0 ./Core/Src/system_stm32g4xx.o
                              0xe1416 (size before relaxing)
 .debug_str     0x000ea53f        0x0 ./Core/Src/tim.o
                              0xe2184 (size before relaxing)
 .debug_str     0x000ea53f        0x0 ./Core/Src/usart.o
                              0xe2106 (size before relaxing)
 .debug_str     0x000ea53f        0x0 ./Core/Src/usb.o
                              0xe1dde (size before relaxing)
 .debug_str     0x000ea53f        0x0 ./Core/Startup/startup_stm32g491mesx.o
                                 0x8e (size before relaxing)
 .debug_str     0x000ea53f        0x0 ./Drivers/STM32G4xx_HAL_Driver/Src/stm32g4xx_hal.o
                              0xe2021 (size before relaxing)
 .debug_str     0x000ea53f        0x0 ./Drivers/STM32G4xx_HAL_Driver/Src/stm32g4xx_hal_adc.o
                              0xe2443 (size before relaxing)
 .debug_str     0x000ea53f        0x0 ./Drivers/STM32G4xx_HAL_Driver/Src/stm32g4xx_hal_adc_ex.o
                              0xe23e9 (size before relaxing)
 .debug_str     0x000ea53f        0x0 ./Drivers/STM32G4xx_HAL_Driver/Src/stm32g4xx_hal_cortex.o
                              0xe1cdd (size before relaxing)
 .debug_str     0x000ea53f        0x0 ./Drivers/STM32G4xx_HAL_Driver/Src/stm32g4xx_hal_gpio.o
                              0xe15a1 (size before relaxing)
 .debug_str     0x000ea53f        0x0 ./Drivers/STM32G4xx_HAL_Driver/Src/stm32g4xx_hal_i2c.o
                              0xe2720 (size before relaxing)
 .debug_str     0x000ea53f        0x0 ./Drivers/STM32G4xx_HAL_Driver/Src/stm32g4xx_hal_i2c_ex.o
                              0xe1a35 (size before relaxing)
 .debug_str     0x000ea53f        0x0 ./Drivers/STM32G4xx_HAL_Driver/Src/stm32g4xx_hal_pcd.o
                              0xe1b92 (size before relaxing)
 .debug_str     0x000ea53f        0x0 ./Drivers/STM32G4xx_HAL_Driver/Src/stm32g4xx_hal_pcd_ex.o
                              0xe17ce (size before relaxing)
 .debug_str     0x000ea53f        0x0 ./Drivers/STM32G4xx_HAL_Driver/Src/stm32g4xx_hal_pwr_ex.o
                              0xe1904 (size before relaxing)
 .debug_str     0x000ea53f        0x0 ./Drivers/STM32G4xx_HAL_Driver/Src/stm32g4xx_hal_qspi.o
                              0xe1e80 (size before relaxing)
 .debug_str     0x000ea53f        0x0 ./Drivers/STM32G4xx_HAL_Driver/Src/stm32g4xx_hal_rcc.o
                              0xe1b0f (size before relaxing)
 .debug_str     0x000ea53f        0x0 ./Drivers/STM32G4xx_HAL_Driver/Src/stm32g4xx_hal_rcc_ex.o
                              0xe1b4c (size before relaxing)
 .debug_str     0x000ea53f        0x0 ./Drivers/STM32G4xx_HAL_Driver/Src/stm32g4xx_hal_spi.o
                              0xe1d48 (size before relaxing)
 .debug_str     0x000ea53f        0x0 ./Drivers/STM32G4xx_HAL_Driver/Src/stm32g4xx_hal_tim.o
                              0xe2914 (size before relaxing)
 .debug_str     0x000ea53f        0x0 ./Drivers/STM32G4xx_HAL_Driver/Src/stm32g4xx_hal_tim_ex.o
                              0xe2588 (size before relaxing)
 .debug_str     0x000ea53f        0x0 ./Drivers/STM32G4xx_HAL_Driver/Src/stm32g4xx_hal_uart.o
                              0xe23d1 (size before relaxing)
 .debug_str     0x000ea53f        0x0 ./Drivers/STM32G4xx_HAL_Driver/Src/stm32g4xx_hal_uart_ex.o
                              0xe1bcf (size before relaxing)
 .debug_str     0x000ea53f        0x0 ./Drivers/STM32G4xx_HAL_Driver/Src/stm32g4xx_ll_usb.o
                              0xe16cf (size before relaxing)

.comment        0x00000000       0x43
 .comment       0x00000000       0x43 ./Core/Src/adc.o
                                 0x44 (size before relaxing)
 .comment       0x00000043        0x0 ./Core/Src/gpio.o
                                 0x44 (size before relaxing)
 .comment       0x00000043        0x0 ./Core/Src/i2c.o
                                 0x44 (size before relaxing)
 .comment       0x00000043        0x0 ./Core/Src/main.o
                                 0x44 (size before relaxing)
 .comment       0x00000043        0x0 ./Core/Src/quadspi.o
                                 0x44 (size before relaxing)
 .comment       0x00000043        0x0 ./Core/Src/spi.o
                                 0x44 (size before relaxing)
 .comment       0x00000043        0x0 ./Core/Src/stm32g4xx_hal_msp.o
                                 0x44 (size before relaxing)
 .comment       0x00000043        0x0 ./Core/Src/stm32g4xx_it.o
                                 0x44 (size before relaxing)
 .comment       0x00000043        0x0 ./Core/Src/system_stm32g4xx.o
                                 0x44 (size before relaxing)
 .comment       0x00000043        0x0 ./Core/Src/tim.o
                                 0x44 (size before relaxing)
 .comment       0x00000043        0x0 ./Core/Src/usart.o
                                 0x44 (size before relaxing)
 .comment       0x00000043        0x0 ./Core/Src/usb.o
                                 0x44 (size before relaxing)
 .comment       0x00000043        0x0 ./Drivers/STM32G4xx_HAL_Driver/Src/stm32g4xx_hal.o
                                 0x44 (size before relaxing)
 .comment       0x00000043        0x0 ./Drivers/STM32G4xx_HAL_Driver/Src/stm32g4xx_hal_adc.o
                                 0x44 (size before relaxing)
 .comment       0x00000043        0x0 ./Drivers/STM32G4xx_HAL_Driver/Src/stm32g4xx_hal_adc_ex.o
                                 0x44 (size before relaxing)
 .comment       0x00000043        0x0 ./Drivers/STM32G4xx_HAL_Driver/Src/stm32g4xx_hal_cortex.o
                                 0x44 (size before relaxing)
 .comment       0x00000043        0x0 ./Drivers/STM32G4xx_HAL_Driver/Src/stm32g4xx_hal_gpio.o
                                 0x44 (size before relaxing)
 .comment       0x00000043        0x0 ./Drivers/STM32G4xx_HAL_Driver/Src/stm32g4xx_hal_i2c.o
                                 0x44 (size before relaxing)
 .comment       0x00000043        0x0 ./Drivers/STM32G4xx_HAL_Driver/Src/stm32g4xx_hal_i2c_ex.o
                                 0x44 (size before relaxing)
 .comment       0x00000043        0x0 ./Drivers/STM32G4xx_HAL_Driver/Src/stm32g4xx_hal_pcd.o
                                 0x44 (size before relaxing)
 .comment       0x00000043        0x0 ./Drivers/STM32G4xx_HAL_Driver/Src/stm32g4xx_hal_pcd_ex.o
                                 0x44 (size before relaxing)
 .comment       0x00000043        0x0 ./Drivers/STM32G4xx_HAL_Driver/Src/stm32g4xx_hal_pwr_ex.o
                                 0x44 (size before relaxing)
 .comment       0x00000043        0x0 ./Drivers/STM32G4xx_HAL_Driver/Src/stm32g4xx_hal_qspi.o
                                 0x44 (size before relaxing)
 .comment       0x00000043        0x0 ./Drivers/STM32G4xx_HAL_Driver/Src/stm32g4xx_hal_rcc.o
                                 0x44 (size before relaxing)
 .comment       0x00000043        0x0 ./Drivers/STM32G4xx_HAL_Driver/Src/stm32g4xx_hal_rcc_ex.o
                                 0x44 (size before relaxing)
 .comment       0x00000043        0x0 ./Drivers/STM32G4xx_HAL_Driver/Src/stm32g4xx_hal_spi.o
                                 0x44 (size before relaxing)
 .comment       0x00000043        0x0 ./Drivers/STM32G4xx_HAL_Driver/Src/stm32g4xx_hal_tim.o
                                 0x44 (size before relaxing)
 .comment       0x00000043        0x0 ./Drivers/STM32G4xx_HAL_Driver/Src/stm32g4xx_hal_tim_ex.o
                                 0x44 (size before relaxing)
 .comment       0x00000043        0x0 ./Drivers/STM32G4xx_HAL_Driver/Src/stm32g4xx_hal_uart.o
                                 0x44 (size before relaxing)
 .comment       0x00000043        0x0 ./Drivers/STM32G4xx_HAL_Driver/Src/stm32g4xx_hal_uart_ex.o
                                 0x44 (size before relaxing)
 .comment       0x00000043        0x0 ./Drivers/STM32G4xx_HAL_Driver/Src/stm32g4xx_ll_usb.o
                                 0x44 (size before relaxing)

.debug_frame    0x00000000     0x7e98
 .debug_frame   0x00000000       0x80 ./Core/Src/adc.o
 .debug_frame   0x00000080       0x34 ./Core/Src/gpio.o
 .debug_frame   0x000000b4       0x78 ./Core/Src/i2c.o
 .debug_frame   0x0000012c       0x68 ./Core/Src/main.o
 .debug_frame   0x00000194       0x78 ./Core/Src/quadspi.o
 .debug_frame   0x0000020c       0x74 ./Core/Src/spi.o
 .debug_frame   0x00000280       0x34 ./Core/Src/stm32g4xx_hal_msp.o
 .debug_frame   0x000002b4      0x104 ./Core/Src/stm32g4xx_it.o
 .debug_frame   0x000003b8       0x58 ./Core/Src/system_stm32g4xx.o
 .debug_frame   0x00000410       0xa8 ./Core/Src/tim.o
 .debug_frame   0x000004b8       0x94 ./Core/Src/usart.o
 .debug_frame   0x0000054c       0x78 ./Core/Src/usb.o
 .debug_frame   0x000005c4      0x500 ./Drivers/STM32G4xx_HAL_Driver/Src/stm32g4xx_hal.o
 .debug_frame   0x00000ac4      0xacc ./Drivers/STM32G4xx_HAL_Driver/Src/stm32g4xx_hal_adc.o
 .debug_frame   0x00001590      0x81c ./Drivers/STM32G4xx_HAL_Driver/Src/stm32g4xx_hal_adc_ex.o
 .debug_frame   0x00001dac      0x4e8 ./Drivers/STM32G4xx_HAL_Driver/Src/stm32g4xx_hal_cortex.o
 .debug_frame   0x00002294      0x14c ./Drivers/STM32G4xx_HAL_Driver/Src/stm32g4xx_hal_gpio.o
 .debug_frame   0x000023e0      0xc38 ./Drivers/STM32G4xx_HAL_Driver/Src/stm32g4xx_hal_i2c.o
 .debug_frame   0x00003018      0x100 ./Drivers/STM32G4xx_HAL_Driver/Src/stm32g4xx_hal_i2c_ex.o
 .debug_frame   0x00003118      0x56c ./Drivers/STM32G4xx_HAL_Driver/Src/stm32g4xx_hal_pcd.o
 .debug_frame   0x00003684      0x14c ./Drivers/STM32G4xx_HAL_Driver/Src/stm32g4xx_hal_pcd_ex.o
 .debug_frame   0x000037d0      0x4fc ./Drivers/STM32G4xx_HAL_Driver/Src/stm32g4xx_hal_pwr_ex.o
 .debug_frame   0x00003ccc      0x680 ./Drivers/STM32G4xx_HAL_Driver/Src/stm32g4xx_hal_qspi.o
 .debug_frame   0x0000434c      0x23c ./Drivers/STM32G4xx_HAL_Driver/Src/stm32g4xx_hal_rcc.o
 .debug_frame   0x00004588      0x2ac ./Drivers/STM32G4xx_HAL_Driver/Src/stm32g4xx_hal_rcc_ex.o
 .debug_frame   0x00004834      0x860 ./Drivers/STM32G4xx_HAL_Driver/Src/stm32g4xx_hal_spi.o
 .debug_frame   0x00005094     0x121c ./Drivers/STM32G4xx_HAL_Driver/Src/stm32g4xx_hal_tim.o
 .debug_frame   0x000062b0      0xa68 ./Drivers/STM32G4xx_HAL_Driver/Src/stm32g4xx_hal_tim_ex.o
 .debug_frame   0x00006d18      0xa94 ./Drivers/STM32G4xx_HAL_Driver/Src/stm32g4xx_hal_uart.o
 .debug_frame   0x000077ac      0x2c0 ./Drivers/STM32G4xx_HAL_Driver/Src/stm32g4xx_hal_uart_ex.o
 .debug_frame   0x00007a6c      0x380 ./Drivers/STM32G4xx_HAL_Driver/Src/stm32g4xx_ll_usb.o
 .debug_frame   0x00007dec       0x20 C:/ST/STM32CubeIDE_2.0.0/STM32CubeIDE/plugins/com.st.stm32cube.ide.mcu.externaltools.gnu-tools-for-stm32.13.3.rel1.win32_1.0.100.202509120712/tools/bin/../lib/gcc/arm-none-eabi/13.3.1/../../../../arm-none-eabi/lib/thumb/v7e-m+fp/hard\libc_nano.a(libc_a-memset.o)
 .debug_frame   0x00007e0c       0x2c C:/ST/STM32CubeIDE_2.0.0/STM32CubeIDE/plugins/com.st.stm32cube.ide.mcu.externaltools.gnu-tools-for-stm32.13.3.rel1.win32_1.0.100.202509120712/tools/bin/../lib/gcc/arm-none-eabi/13.3.1/../../../../arm-none-eabi/lib/thumb/v7e-m+fp/hard\libc_nano.a(libc_a-init.o)
 .debug_frame   0x00007e38       0x2c C:/ST/STM32CubeIDE_2.0.0/STM32CubeIDE/plugins/com.st.stm32cube.ide.mcu.externaltools.gnu-tools-for-stm32.13.3.rel1.win32_1.0.100.202509120712/tools/bin/../lib/gcc/arm-none-eabi/13.3.1/thumb/v7e-m+fp/hard\libgcc.a(_aeabi_uldivmod.o)
 .debug_frame   0x00007e64       0x34 C:/ST/STM32CubeIDE_2.0.0/STM32CubeIDE/plugins/com.st.stm32cube.ide.mcu.externaltools.gnu-tools-for-stm32.13.3.rel1.win32_1.0.100.202509120712/tools/bin/../lib/gcc/arm-none-eabi/13.3.1/thumb/v7e-m+fp/hard\libgcc.a(_udivmoddi4.o)

.debug_line_str
                0x00000000       0x72
 .debug_line_str
                0x00000000       0x72 ./Core/Startup/startup_stm32g491mesx.o
